Archive member included to satisfy reference by file (symbol)

C:/ST/STM32CubeIDE_1.14.1/STM32CubeIDE/plugins/com.st.stm32cube.ide.mcu.externaltools.gnu-tools-for-stm32.11.3.rel1.win32_1.1.100.202309141235/tools/bin/../lib/gcc/arm-none-eabi/11.3.1/../../../../arm-none-eabi/lib/thumb/v7-m/nofp\libc_nano.a(libc_a-exit.o)
                              C:/ST/STM32CubeIDE_1.14.1/STM32CubeIDE/plugins/com.st.stm32cube.ide.mcu.externaltools.gnu-tools-for-stm32.11.3.rel1.win32_1.1.100.202309141235/tools/bin/../lib/gcc/arm-none-eabi/11.3.1/../../../../arm-none-eabi/lib/thumb/v7-m/nofp/crt0.o (exit)
C:/ST/STM32CubeIDE_1.14.1/STM32CubeIDE/plugins/com.st.stm32cube.ide.mcu.externaltools.gnu-tools-for-stm32.11.3.rel1.win32_1.1.100.202309141235/tools/bin/../lib/gcc/arm-none-eabi/11.3.1/../../../../arm-none-eabi/lib/thumb/v7-m/nofp\libc_nano.a(libc_a-findfp.o)
                              C:/ST/STM32CubeIDE_1.14.1/STM32CubeIDE/plugins/com.st.stm32cube.ide.mcu.externaltools.gnu-tools-for-stm32.11.3.rel1.win32_1.1.100.202309141235/tools/bin/../lib/gcc/arm-none-eabi/11.3.1/../../../../arm-none-eabi/lib/thumb/v7-m/nofp\libc_nano.a(libc_a-exit.o) (__stdio_exit_handler)
C:/ST/STM32CubeIDE_1.14.1/STM32CubeIDE/plugins/com.st.stm32cube.ide.mcu.externaltools.gnu-tools-for-stm32.11.3.rel1.win32_1.1.100.202309141235/tools/bin/../lib/gcc/arm-none-eabi/11.3.1/../../../../arm-none-eabi/lib/thumb/v7-m/nofp\libc_nano.a(libc_a-fwalk.o)
                              C:/ST/STM32CubeIDE_1.14.1/STM32CubeIDE/plugins/com.st.stm32cube.ide.mcu.externaltools.gnu-tools-for-stm32.11.3.rel1.win32_1.1.100.202309141235/tools/bin/../lib/gcc/arm-none-eabi/11.3.1/../../../../arm-none-eabi/lib/thumb/v7-m/nofp\libc_nano.a(libc_a-findfp.o) (_fwalk_sglue)
C:/ST/STM32CubeIDE_1.14.1/STM32CubeIDE/plugins/com.st.stm32cube.ide.mcu.externaltools.gnu-tools-for-stm32.11.3.rel1.win32_1.1.100.202309141235/tools/bin/../lib/gcc/arm-none-eabi/11.3.1/../../../../arm-none-eabi/lib/thumb/v7-m/nofp\libc_nano.a(libc_a-sprintf.o)
                              ./Core/Src/fsm.o (sprintf)
C:/ST/STM32CubeIDE_1.14.1/STM32CubeIDE/plugins/com.st.stm32cube.ide.mcu.externaltools.gnu-tools-for-stm32.11.3.rel1.win32_1.1.100.202309141235/tools/bin/../lib/gcc/arm-none-eabi/11.3.1/../../../../arm-none-eabi/lib/thumb/v7-m/nofp\libc_nano.a(libc_a-stdio.o)
                              C:/ST/STM32CubeIDE_1.14.1/STM32CubeIDE/plugins/com.st.stm32cube.ide.mcu.externaltools.gnu-tools-for-stm32.11.3.rel1.win32_1.1.100.202309141235/tools/bin/../lib/gcc/arm-none-eabi/11.3.1/../../../../arm-none-eabi/lib/thumb/v7-m/nofp\libc_nano.a(libc_a-findfp.o) (__sread)
C:/ST/STM32CubeIDE_1.14.1/STM32CubeIDE/plugins/com.st.stm32cube.ide.mcu.externaltools.gnu-tools-for-stm32.11.3.rel1.win32_1.1.100.202309141235/tools/bin/../lib/gcc/arm-none-eabi/11.3.1/../../../../arm-none-eabi/lib/thumb/v7-m/nofp\libc_nano.a(libc_a-memset.o)
                              C:/ST/STM32CubeIDE_1.14.1/STM32CubeIDE/plugins/com.st.stm32cube.ide.mcu.externaltools.gnu-tools-for-stm32.11.3.rel1.win32_1.1.100.202309141235/tools/bin/../lib/gcc/arm-none-eabi/11.3.1/../../../../arm-none-eabi/lib/thumb/v7-m/nofp/crt0.o (memset)
C:/ST/STM32CubeIDE_1.14.1/STM32CubeIDE/plugins/com.st.stm32cube.ide.mcu.externaltools.gnu-tools-for-stm32.11.3.rel1.win32_1.1.100.202309141235/tools/bin/../lib/gcc/arm-none-eabi/11.3.1/../../../../arm-none-eabi/lib/thumb/v7-m/nofp\libc_nano.a(libc_a-closer.o)
                              C:/ST/STM32CubeIDE_1.14.1/STM32CubeIDE/plugins/com.st.stm32cube.ide.mcu.externaltools.gnu-tools-for-stm32.11.3.rel1.win32_1.1.100.202309141235/tools/bin/../lib/gcc/arm-none-eabi/11.3.1/../../../../arm-none-eabi/lib/thumb/v7-m/nofp\libc_nano.a(libc_a-stdio.o) (_close_r)
C:/ST/STM32CubeIDE_1.14.1/STM32CubeIDE/plugins/com.st.stm32cube.ide.mcu.externaltools.gnu-tools-for-stm32.11.3.rel1.win32_1.1.100.202309141235/tools/bin/../lib/gcc/arm-none-eabi/11.3.1/../../../../arm-none-eabi/lib/thumb/v7-m/nofp\libc_nano.a(libc_a-reent.o)
                              C:/ST/STM32CubeIDE_1.14.1/STM32CubeIDE/plugins/com.st.stm32cube.ide.mcu.externaltools.gnu-tools-for-stm32.11.3.rel1.win32_1.1.100.202309141235/tools/bin/../lib/gcc/arm-none-eabi/11.3.1/../../../../arm-none-eabi/lib/thumb/v7-m/nofp\libc_nano.a(libc_a-closer.o) (errno)
C:/ST/STM32CubeIDE_1.14.1/STM32CubeIDE/plugins/com.st.stm32cube.ide.mcu.externaltools.gnu-tools-for-stm32.11.3.rel1.win32_1.1.100.202309141235/tools/bin/../lib/gcc/arm-none-eabi/11.3.1/../../../../arm-none-eabi/lib/thumb/v7-m/nofp\libc_nano.a(libc_a-impure.o)
                              C:/ST/STM32CubeIDE_1.14.1/STM32CubeIDE/plugins/com.st.stm32cube.ide.mcu.externaltools.gnu-tools-for-stm32.11.3.rel1.win32_1.1.100.202309141235/tools/bin/../lib/gcc/arm-none-eabi/11.3.1/../../../../arm-none-eabi/lib/thumb/v7-m/nofp\libc_nano.a(libc_a-sprintf.o) (_impure_ptr)
[...]
Memory Configuration

Name             Origin             Length             Attributes
RAM              0x0000000020000000 0x0000000000005000 xrw
FLASH            0x0000000008000000 0x0000000000010000 xr
*default*        0x0000000000000000 0xffffffffffffffff

Linker script and memory map

LOAD C:/ST/STM32CubeIDE_1.14.1/STM32CubeIDE/plugins/com.st.stm32cube.ide.mcu.externaltools.gnu-tools-for-stm32.11.3.rel1.win32_1.1.100.202309141235/tools/bin/../lib/gcc/arm-none-eabi/11.3.1/thumb/v7-m/nofp/crti.o
LOAD C:/ST/STM32CubeIDE_1.14.1/STM32CubeIDE/plugins/com.st.stm32cube.ide.mcu.externaltools.gnu-tools-for-stm32.11.3.rel1.win32_1.1.100.202309141235/tools/bin/../lib/gcc/arm-none-eabi/11.3.1/thumb/v7-m/nofp/crtbegin.o
LOAD C:/ST/STM32CubeIDE_1.14.1/STM32CubeIDE/plugins/com.st.stm32cube.ide.mcu.externaltools.gnu-tools-for-stm32.11.3.rel1.win32_1.1.100.202309141235/tools/bin/../lib/gcc/arm-none-eabi/11.3.1/../../../../arm-none-eabi/lib/thumb/v7-m/nofp/crt0.o
LOAD ./Core/Src/ads1115.o
LOAD ./Core/Src/fsm.o
LOAD ./Core/Src/main.o
LOAD ./Core/Src/stm32f1xx_hal_msp.o
LOAD ./Core/Src/stm32f1xx_it.o
LOAD ./Core/Src/syscalls.o
LOAD ./Core/Src/sysmem.o
LOAD ./Core/Src/system_stm32f1xx.o
LOAD ./Core/Startup/startup_stm32f103c8tx.o
LOAD ./Drivers/STM32F1xx_HAL_Driver/Src/stm32f1xx_hal.o
LOAD ./Drivers/STM32F1xx_HAL_Driver/Src/stm32f1xx_hal_cortex.o
LOAD ./Drivers/STM32F1xx_HAL_Driver/Src/stm32f1xx_hal_dma.o
LOAD ./Drivers/STM32F1xx_HAL_Driver/Src/stm32f1xx_hal_exti.o
LOAD ./Drivers/STM32F1xx_HAL_Driver/Src/stm32f1xx_hal_flash.o
LOAD ./Drivers/STM32F1xx_HAL_Driver/Src/stm32f1xx_hal_flash_ex.o
LOAD ./Drivers/STM32F1xx_HAL_Driver/Src/stm32f1xx_hal_gpio.o
LOAD ./Drivers/STM32F1xx_HAL_Driver/Src/stm32f1xx_hal_gpio_ex.o
LOAD ./Drivers/STM32F1xx_HAL_Driver/Src/stm32f1xx_hal_i2c.o
LOAD ./Drivers/STM32F1xx_HAL_Driver/Src/stm32f1xx_hal_pwr.o
LOAD ./Drivers/STM32F1xx_HAL_Driver/Src/stm32f1xx_hal_rcc.o
LOAD ./Drivers/STM32F1xx_HAL_Driver/Src/stm32f1xx_hal_rcc_ex.o
LOAD ./Drivers/STM32F1xx_HAL_Driver/Src/stm32f1xx_hal_tim.o
LOAD ./Drivers/STM32F1xx_HAL_Driver/Src/stm32f1xx_hal_tim_ex.o
LOAD ./Drivers/STM32F1xx_HAL_Driver/Src/stm32f1xx_hal_uart.o
START GROUP
LOAD C:/ST/STM32CubeIDE_1.14.1/STM32CubeIDE/plugins/com.st.stm32cube.ide.mcu.externaltools.gnu-tools-for-stm32.11.3.rel1.win32_1.1.100.202309141235/tools/bin/../lib/gcc/arm-none-eabi/11.3.1/../../../../arm-none-eabi/lib/thumb/v7-m/nofp\libc_nano.a
LOAD C:/ST/STM32CubeIDE_1.14.1/STM32CubeIDE/plugins/com.st.stm32cube.ide.mcu.externaltools.gnu-tools-for-stm32.11.3.rel1.win32_1.1.100.202309141235/tools/bin/../lib/gcc/arm-none-eabi/11.3.1/../../../../arm-none-eabi/lib/thumb/v7-m/nofp\libm.a
END GROUP
START GROUP
LOAD C:/ST/STM32CubeIDE_1.14.1/STM32CubeIDE/plugins/com.st.stm32cube.ide.mcu.externaltools.gnu-tools-for-stm32.11.3.rel1.win32_1.1.100.202309141235/tools/bin/../lib/gcc/arm-none-eabi/11.3.1/thumb/v7-m/nofp\libgcc.a
LOAD C:/ST/STM32CubeIDE_1.14.1/STM32CubeIDE/plugins/com.st.stm32cube.ide.mcu.externaltools.gnu-tools-for-stm32.11.3.rel1.win32_1.1.100.202309141235/tools/bin/../lib/gcc/arm-none-eabi/11.3.1/../../../../arm-none-eabi/lib/thumb/v7-m/nofp\libc_nano.a
END GROUP
START GROUP
LOAD C:/ST/STM32CubeIDE_1.14.1/STM32CubeIDE/plugins/com.st.stm32cube.ide.mcu.externaltools.gnu-tools-for-stm32.11.3.rel1.win32_1.1.100.202309141235/tools/bin/../lib/gcc/arm-none-eabi/11.3.1/thumb/v7-m/nofp\libgcc.a
LOAD C:/ST/STM32CubeIDE_1.14.1/STM32CubeIDE/plugins/com.st.stm32cube.ide.mcu.externaltools.gnu-tools-for-stm32.11.3.rel1.win32_1.1.100.202309141235/tools/bin/../lib/gcc/arm-none-eabi/11.3.1/../../../../arm-none-eabi/lib/thumb/v7-m/nofp\libc_nano.a
LOAD C:/ST/STM32CubeIDE_1.14.1/STM32CubeIDE/plugins/com.st.stm32cube.ide.mcu.externaltools.gnu-tools-for-stm32.11.3.rel1.win32_1.1.100.202309141235/tools/bin/../lib/gcc/arm-none-eabi/11.3.1/../../../../arm-none-eabi/lib/thumb/v7-m/nofp\libnosys.a
END GROUP
START GROUP
LOAD C:/ST/STM32CubeIDE_1.14.1/STM32CubeIDE/plugins/com.st.stm32cube.ide.mcu.externaltools.gnu-tools-for-stm32.11.3.rel1.win32_1.1.100.202309141235/tools/bin/../lib/gcc/arm-none-eabi/11.3.1/thumb/v7-m/nofp\libgcc.a
LOAD C:/ST/STM32CubeIDE_1.14.1/STM32CubeIDE/plugins/com.st.stm32cube.ide.mcu.externaltools.gnu-tools-for-stm32.11.3.rel1.win32_1.1.100.202309141235/tools/bin/../lib/gcc/arm-none-eabi/11.3.1/../../../../arm-none-eabi/lib/thumb/v7-m/nofp\libc_nano.a
LOAD C:/ST/STM32CubeIDE_1.14.1/STM32CubeIDE/plugins/com.st.stm32cube.ide.mcu.externaltools.gnu-tools-for-stm32.11.3.rel1.win32_1.1.100.202309141235/tools/bin/../lib/gcc/arm-none-eabi/11.3.1/../../../../arm-none-eabi/lib/thumb/v7-m/nofp\libnosys.a
END GROUP
LOAD C:/ST/STM32CubeIDE_1.14.1/STM32CubeIDE/plugins/com.st.stm32cube.ide.mcu.externaltools.gnu-tools-for-stm32.11.3.rel1.win32_1.1.100.202309141235/tools/bin/../lib/gcc/arm-none-eabi/11.3.1/thumb/v7-m/nofp/crtend.o
LOAD C:/ST/STM32CubeIDE_1.14.1/STM32CubeIDE/plugins/com.st.stm32cube.ide.mcu.externaltools.gnu-tools-for-stm32.11.3.rel1.win32_1.1.100.202309141235/tools/bin/../lib/gcc/arm-none-eabi/11.3.1/thumb/v7-m/nofp/crtn.o
                0x0000000020005000                _estack = (ORIGIN (RAM) + LENGTH (RAM))
                0x0000000000000200                _Min_Heap_Size = 0x200
                0x0000000000000400                _Min_Stack_Size = 0x400

.isr_vector     0x0000000008000000      0x10c
                0x0000000008000000                . = ALIGN (0x4)
 *(.isr_vector)
 .isr_vector    0x0000000008000000      0x10c ./Core/Startup/startup_stm32f103c8tx.o
                0x0000000008000000                g_pfnVectors
                0x000000000800010c                . = ALIGN (0x4)

.text           0x000000000800010c     0x45d4
                0x000000000800010c                . = ALIGN (0x4)
 *(.text)
 .text          0x000000000800010c       0x40 C:/ST/STM32CubeIDE_1.14.1/STM32CubeIDE/plugins/com.st.stm32cube.ide.mcu.externaltools.gnu-tools-for-stm32.11.3.rel1.win32_1.1.100.202309141235/tools/bin/../lib/gcc/arm-none-eabi/11.3.1/thumb/v7-m/nofp/crtbegin.o
 .text          0x000000000800014c       0x10 C:/ST/STM32CubeIDE_1.14.1/STM32CubeIDE/plugins/com.st.stm32cube.ide.mcu.externaltools.gnu-tools-for-stm32.11.3.rel1.win32_1.1.100.202309141235/tools/bin/../lib/gcc/arm-none-eabi/11.3.1/../../../../arm-none-eabi/lib/thumb/v7-m/nofp\libc_nano.a(libc_a-strlen.o)
                0x000000000800014c                strlen
 .text          0x000000000800015c      0x21c C:/ST/STM32CubeIDE_1.14.1/STM32CubeIDE/plugins/com.st.stm32cube.ide.mcu.externaltools.gnu-tools-for-stm32.11.3.rel1.win32_1.1.100.202309141235/tools/bin/../lib/gcc/arm-none-eabi/11.3.1/thumb/v7-m/nofp\libgcc.a(_arm_addsubsf3.o)
                0x000000000800015c                __aeabi_frsub
                0x0000000008000164                __subsf3
                0x0000000008000164                __aeabi_fsub
                0x0000000008000168                __aeabi_fadd
                0x0000000008000168                __addsf3
                0x00000000080002c8                __aeabi_ui2f
                0x00000000080002c8                __floatunsisf
                0x00000000080002d0                __aeabi_i2f
                0x00000000080002d0                __floatsisf
                0x00000000080002ec                __aeabi_ul2f
                0x00000000080002ec                __floatundisf
                0x00000000080002fc                __aeabi_l2f
                0x00000000080002fc                __floatdisf
 .text          0x0000000008000378      0x2a0 C:/ST/STM32CubeIDE_1.14.1/STM32CubeIDE/plugins/com.st.stm32cube.ide.mcu.externaltools.gnu-tools-for-stm32.11.3.rel1.win32_1.1.100.202309141235/tools/bin/../lib/gcc/arm-none-eabi/11.3.1/thumb/v7-m/nofp\libgcc.a(_arm_muldivsf3.o)
                0x0000000008000378                __mulsf3
                0x0000000008000378                __aeabi_fmul
                0x00000000080004e0                __aeabi_fdiv
                0x00000000080004e0                __divsf3
 .text          0x0000000008000618       0x4c C:/ST/STM32CubeIDE_1.14.1/STM32CubeIDE/plugins/com.st.stm32cube.ide.mcu.externaltools.gnu-tools-for-stm32.11.3.rel1.win32_1.1.100.202309141235/tools/bin/../lib/gcc/arm-none-eabi/11.3.1/thumb/v7-m/nofp\libgcc.a(_arm_fixsfsi.o)
                0x0000000008000618                __aeabi_f2iz
                0x0000000008000618                __fixsfsi
 *(.text*)
 .text.ads1115_init
                0x0000000008000664       0x28 ./Core/Src/ads1115.o
                0x0000000008000664                ads1115_init
 .text.ads1115_read_config
                0x000000000800068c       0x64 ./Core/Src/ads1115.o
                0x000000000800068c                ads1115_read_config
 .text.ads1115_write_config
                0x00000000080006f0       0x4c ./Core/Src/ads1115.o
                0x00000000080006f0                ads1115_write_config
 .text.ads1115_read_adc
                0x000000000800073c       0xb8 ./Core/Src/ads1115.o
                0x000000000800073c                ads1115_read_adc
 .text.ads1115_conv_volts
                0x00000000080007f4       0xc4 ./Core/Src/ads1115.o
                0x00000000080007f4                ads1115_conv_volts
 .text.ads1115_set_mux
                0x00000000080008b8       0x42 ./Core/Src/ads1115.o
                0x00000000080008b8                ads1115_set_mux
 .text.ads1115_set_pga
                0x00000000080008fa       0x42 ./Core/Src/ads1115.o
                0x00000000080008fa                ads1115_set_pga
 .text.ads1115_set_mode
                0x000000000800093c       0x42 ./Core/Src/ads1115.o
                0x000000000800093c                ads1115_set_mode
 .text.ads1115_set_rate
                0x000000000800097e       0x42 ./Core/Src/ads1115.o
                0x000000000800097e                ads1115_set_rate
 .text.ads1115_set_comp_mode
                0x00000000080009c0       0x42 ./Core/Src/ads1115.o
                0x00000000080009c0                ads1115_set_comp_mode
 .text.ads1115_set_comp_pol
                0x0000000008000a02       0x42 ./Core/Src/ads1115.o
                0x0000000008000a02                ads1115_set_comp_pol
 .text.ads1115_set_comp_lat
                0x0000000008000a44       0x42 ./Core/Src/ads1115.o
                0x0000000008000a44                ads1115_set_comp_lat
 .text.ads1115_set_comp_que
                0x0000000008000a86       0x42 ./Core/Src/ads1115.o
                0x0000000008000a86                ads1115_set_comp_que
 .text.fsm_init
                0x0000000008000ac8       0x34 ./Core/Src/fsm.o
                0x0000000008000ac8                fsm_init
 .text.fsm_switch
                0x0000000008000afc      0x170 ./Core/Src/fsm.o
                0x0000000008000afc                fsm_switch
 .text.fun_e1_c1
                0x0000000008000c6c      0x2bc ./Core/Src/fsm.o
                0x0000000008000c6c                fun_e1_c1
 .text.fun_e1_c2
                0x0000000008000f28       0x24 ./Core/Src/fsm.o
                0x0000000008000f28                fun_e1_c2
 .text.fun_e1_c3
                0x0000000008000f4c       0xc4 ./Core/Src/fsm.o
                0x0000000008000f4c                fun_e1_c3
 .text.fun_e2_c1
                0x0000000008001010       0xcc ./Core/Src/fsm.o
                0x0000000008001010                fun_e2_c1
 .text.fun_e2_c2
                0x00000000080010dc       0xa4 ./Core/Src/fsm.o
                0x00000000080010dc                fun_e2_c2
 .text.fun_e2_c3
                0x0000000008001180       0x64 ./Core/Src/fsm.o
                0x0000000008001180                fun_e2_c3
 .text.fun_e2_c4
                0x00000000080011e4       0xb4 ./Core/Src/fsm.o
                0x00000000080011e4                fun_e2_c4
 .text.fun_e2_c5
                0x0000000008001298       0x60 ./Core/Src/fsm.o
                0x0000000008001298                fun_e2_c5
 .text.fun_e2_c6
                0x00000000080012f8       0x60 ./Core/Src/fsm.o
                0x00000000080012f8                fun_e2_c6
 .text.fun_e2_c7
                0x0000000008001358       0x5c ./Core/Src/fsm.o
                0x0000000008001358                fun_e2_c7
 .text.fun_e2_c8
                0x00000000080013b4       0x7c ./Core/Src/fsm.o
                0x00000000080013b4                fun_e2_c8
 .text.imprimir_cad
                0x0000000008001430       0x30 ./Core/Src/fsm.o
                0x0000000008001430                imprimir_cad
 .text.recibir_char
                0x0000000008001460       0x40 ./Core/Src/fsm.o
                0x0000000008001460                recibir_char
 .text.char_to_evento
                0x00000000080014a0       0xc0 ./Core/Src/fsm.o
                0x00000000080014a0                char_to_evento
 .text.main     0x0000000008001560       0x6c ./Core/Src/main.o
                0x0000000008001560                main
 .text.SystemClock_Config
                0x00000000080015cc       0x76 ./Core/Src/main.o
                0x00000000080015cc                SystemClock_Config
 *fill*         0x0000000008001642        0x2 
 .text.MX_I2C1_Init
                0x0000000008001644       0x5c ./Core/Src/main.o
 .text.MX_USART1_UART_Init
                0x00000000080016a0       0x54 ./Core/Src/main.o
 .text.MX_GPIO_Init
                0x00000000080016f4       0x80 ./Core/Src/main.o
 .text.Error_Handler
                0x0000000008001774        0xa ./Core/Src/main.o
                0x0000000008001774                Error_Handler
 *fill*         0x000000000800177e        0x2 
 .text.HAL_MspInit
                0x0000000008001780       0x64 ./Core/Src/stm32f1xx_hal_msp.o
                0x0000000008001780                HAL_MspInit
 .text.HAL_I2C_MspInit
                0x00000000080017e4       0x7c ./Core/Src/stm32f1xx_hal_msp.o
                0x00000000080017e4                HAL_I2C_MspInit
 .text.HAL_UART_MspInit
                0x0000000008001860       0x98 ./Core/Src/stm32f1xx_hal_msp.o
                0x0000000008001860                HAL_UART_MspInit
 .text.NMI_Handler
                0x00000000080018f8        0x6 ./Core/Src/stm32f1xx_it.o
                0x00000000080018f8                NMI_Handler
 .text.HardFault_Handler
                0x00000000080018fe        0x6 ./Core/Src/stm32f1xx_it.o
                0x00000000080018fe                HardFault_Handler
 .text.MemManage_Handler
                0x0000000008001904        0x6 ./Core/Src/stm32f1xx_it.o
                0x0000000008001904                MemManage_Handler
 .text.BusFault_Handler
                0x000000000800190a        0x6 ./Core/Src/stm32f1xx_it.o
                0x000000000800190a                BusFault_Handler
 .text.UsageFault_Handler
                0x0000000008001910        0x6 ./Core/Src/stm32f1xx_it.o
                0x0000000008001910                UsageFault_Handler
 .text.SVC_Handler
                0x0000000008001916        0xc ./Core/Src/stm32f1xx_it.o
                0x0000000008001916                SVC_Handler
 .text.DebugMon_Handler
                0x0000000008001922        0xc ./Core/Src/stm32f1xx_it.o
                0x0000000008001922                DebugMon_Handler
 .text.PendSV_Handler
                0x000000000800192e        0xc ./Core/Src/stm32f1xx_it.o
                0x000000000800192e                PendSV_Handler
 .text.SysTick_Handler
                0x000000000800193a        0xc ./Core/Src/stm32f1xx_it.o
                0x000000000800193a                SysTick_Handler
 *fill*         0x0000000008001946        0x2 
 .text._sbrk    0x0000000008001948       0x6c ./Core/Src/sysmem.o
                0x0000000008001948                _sbrk
 .text.SystemInit
                0x00000000080019b4        0xc ./Core/Src/system_stm32f1xx.o
                0x00000000080019b4                SystemInit
 .text.Reset_Handler
                0x00000000080019c0       0x48 ./Core/Startup/startup_stm32f103c8tx.o
                0x00000000080019c0                Reset_Handler
 .text.Default_Handler
                0x0000000008001a08        0x2 ./Core/Startup/startup_stm32f103c8tx.o
                0x0000000008001a08                RTC_Alarm_IRQHandler
                0x0000000008001a08                EXTI2_IRQHandler
                0x0000000008001a08                TIM1_CC_IRQHandler
                0x0000000008001a08                PVD_IRQHandler
                0x0000000008001a08                EXTI3_IRQHandler
                0x0000000008001a08                EXTI0_IRQHandler
                0x0000000008001a08                I2C2_EV_IRQHandler
                0x0000000008001a08                ADC1_2_IRQHandler
                0x0000000008001a08                SPI1_IRQHandler
                0x0000000008001a08                TAMPER_IRQHandler
                0x0000000008001a08                DMA1_Channel4_IRQHandler
                0x0000000008001a08                USART3_IRQHandler
                0x0000000008001a08                RTC_IRQHandler
                0x0000000008001a08                DMA1_Channel7_IRQHandler
                0x0000000008001a08                CAN1_RX1_IRQHandler
                0x0000000008001a08                TIM4_IRQHandler
                0x0000000008001a08                I2C1_EV_IRQHandler
                0x0000000008001a08                DMA1_Channel6_IRQHandler
                0x0000000008001a08                TIM3_IRQHandler
                0x0000000008001a08                RCC_IRQHandler
                0x0000000008001a08                TIM1_TRG_COM_IRQHandler
                0x0000000008001a08                DMA1_Channel1_IRQHandler
                0x0000000008001a08                Default_Handler
                0x0000000008001a08                EXTI15_10_IRQHandler
                0x0000000008001a08                EXTI9_5_IRQHandler
                0x0000000008001a08                SPI2_IRQHandler
                0x0000000008001a08                DMA1_Channel5_IRQHandler
                0x0000000008001a08                EXTI4_IRQHandler
                0x0000000008001a08                USB_LP_CAN1_RX0_IRQHandler
                0x0000000008001a08                USB_HP_CAN1_TX_IRQHandler
                0x0000000008001a08                DMA1_Channel3_IRQHandler
                0x0000000008001a08                TIM1_UP_IRQHandler
                0x0000000008001a08                WWDG_IRQHandler
                0x0000000008001a08                TIM2_IRQHandler
                0x0000000008001a08                TIM1_BRK_IRQHandler
                0x0000000008001a08                EXTI1_IRQHandler
                0x0000000008001a08                USART2_IRQHandler
                0x0000000008001a08                I2C2_ER_IRQHandler
                0x0000000008001a08                DMA1_Channel2_IRQHandler
                0x0000000008001a08                CAN1_SCE_IRQHandler
                0x0000000008001a08                FLASH_IRQHandler
                0x0000000008001a08                USART1_IRQHandler
                0x0000000008001a08                I2C1_ER_IRQHandler
                0x0000000008001a08                USBWakeUp_IRQHandler
 *fill*         0x0000000008001a0a        0x2 
 .text.HAL_Init
                0x0000000008001a0c       0x2c ./Drivers/STM32F1xx_HAL_Driver/Src/stm32f1xx_hal.o
                0x0000000008001a0c                HAL_Init
 .text.HAL_InitTick
                0x0000000008001a38       0x60 ./Drivers/STM32F1xx_HAL_Driver/Src/stm32f1xx_hal.o
                0x0000000008001a38                HAL_InitTick
 .text.HAL_IncTick
                0x0000000008001a98       0x24 ./Drivers/STM32F1xx_HAL_Driver/Src/stm32f1xx_hal.o
                0x0000000008001a98                HAL_IncTick
 .text.HAL_GetTick
                0x0000000008001abc       0x14 ./Drivers/STM32F1xx_HAL_Driver/Src/stm32f1xx_hal.o
                0x0000000008001abc                HAL_GetTick
 .text.HAL_Delay
                0x0000000008001ad0       0x48 ./Drivers/STM32F1xx_HAL_Driver/Src/stm32f1xx_hal.o
                0x0000000008001ad0                HAL_Delay
 .text.__NVIC_SetPriorityGrouping
                0x0000000008001b18       0x48 ./Drivers/STM32F1xx_HAL_Driver/Src/stm32f1xx_hal_cortex.o
 .text.__NVIC_GetPriorityGrouping
                0x0000000008001b60       0x1c ./Drivers/STM32F1xx_HAL_Driver/Src/stm32f1xx_hal_cortex.o
 .text.__NVIC_SetPriority
                0x0000000008001b7c       0x54 ./Drivers/STM32F1xx_HAL_Driver/Src/stm32f1xx_hal_cortex.o
 .text.NVIC_EncodePriority
                0x0000000008001bd0       0x64 ./Drivers/STM32F1xx_HAL_Driver/Src/stm32f1xx_hal_cortex.o
 .text.SysTick_Config
                0x0000000008001c34       0x44 ./Drivers/STM32F1xx_HAL_Driver/Src/stm32f1xx_hal_cortex.o
 .text.HAL_NVIC_SetPriorityGrouping
                0x0000000008001c78       0x16 ./Drivers/STM32F1xx_HAL_Driver/Src/stm32f1xx_hal_cortex.o
                0x0000000008001c78                HAL_NVIC_SetPriorityGrouping
 .text.HAL_NVIC_SetPriority
                0x0000000008001c8e       0x38 ./Drivers/STM32F1xx_HAL_Driver/Src/stm32f1xx_hal_cortex.o
                0x0000000008001c8e                HAL_NVIC_SetPriority
 .text.HAL_SYSTICK_Config
                0x0000000008001cc6       0x18 ./Drivers/STM32F1xx_HAL_Driver/Src/stm32f1xx_hal_cortex.o
                0x0000000008001cc6                HAL_SYSTICK_Config
 *fill*         0x0000000008001cde        0x2 
 .text.HAL_GPIO_Init
                0x0000000008001ce0      0x308 ./Drivers/STM32F1xx_HAL_Driver/Src/stm32f1xx_hal_gpio.o
                0x0000000008001ce0                HAL_GPIO_Init
 .text.HAL_GPIO_WritePin
                0x0000000008001fe8       0x30 ./Drivers/STM32F1xx_HAL_Driver/Src/stm32f1xx_hal_gpio.o
                0x0000000008001fe8                HAL_GPIO_WritePin
 .text.HAL_I2C_Init
                0x0000000008002018      0x288 ./Drivers/STM32F1xx_HAL_Driver/Src/stm32f1xx_hal_i2c.o
                0x0000000008002018                HAL_I2C_Init
 .text.HAL_I2C_Master_Transmit
                0x00000000080022a0      0x1fc ./Drivers/STM32F1xx_HAL_Driver/Src/stm32f1xx_hal_i2c.o
                0x00000000080022a0                HAL_I2C_Master_Transmit
 .text.HAL_I2C_Master_Receive
                0x000000000800249c      0x4d8 ./Drivers/STM32F1xx_HAL_Driver/Src/stm32f1xx_hal_i2c.o
                0x000000000800249c                HAL_I2C_Master_Receive
 .text.I2C_MasterRequestWrite
                0x0000000008002974      0x104 ./Drivers/STM32F1xx_HAL_Driver/Src/stm32f1xx_hal_i2c.o
 .text.I2C_MasterRequestRead
                0x0000000008002a78      0x19c ./Drivers/STM32F1xx_HAL_Driver/Src/stm32f1xx_hal_i2c.o
 .text.I2C_WaitOnFlagUntilTimeout
                0x0000000008002c14       0xf4 ./Drivers/STM32F1xx_HAL_Driver/Src/stm32f1xx_hal_i2c.o
 .text.I2C_WaitOnMasterAddressFlagUntilTimeout
                0x0000000008002d08      0x140 ./Drivers/STM32F1xx_HAL_Driver/Src/stm32f1xx_hal_i2c.o
 .text.I2C_WaitOnTXEFlagUntilTimeout
                0x0000000008002e48       0x90 ./Drivers/STM32F1xx_HAL_Driver/Src/stm32f1xx_hal_i2c.o
 .text.I2C_WaitOnBTFFlagUntilTimeout
                0x0000000008002ed8       0x90 ./Drivers/STM32F1xx_HAL_Driver/Src/stm32f1xx_hal_i2c.o
 .text.I2C_WaitOnRXNEFlagUntilTimeout
                0x0000000008002f68       0xba ./Drivers/STM32F1xx_HAL_Driver/Src/stm32f1xx_hal_i2c.o
 .text.I2C_IsAcknowledgeFailed
                0x0000000008003022       0x5c ./Drivers/STM32F1xx_HAL_Driver/Src/stm32f1xx_hal_i2c.o
 *fill*         0x000000000800307e        0x2 
 .text.HAL_RCC_OscConfig
                0x0000000008003080      0x504 ./Drivers/STM32F1xx_HAL_Driver/Src/stm32f1xx_hal_rcc.o
                0x0000000008003080                HAL_RCC_OscConfig
 .text.HAL_RCC_ClockConfig
                0x0000000008003584      0x1d4 ./Drivers/STM32F1xx_HAL_Driver/Src/stm32f1xx_hal_rcc.o
                0x0000000008003584                HAL_RCC_ClockConfig
 .text.HAL_RCC_GetSysClockFreq
                0x0000000008003758       0xa8 ./Drivers/STM32F1xx_HAL_Driver/Src/stm32f1xx_hal_rcc.o
                0x0000000008003758                HAL_RCC_GetSysClockFreq
 .text.HAL_RCC_GetHCLKFreq
                0x0000000008003800       0x14 ./Drivers/STM32F1xx_HAL_Driver/Src/stm32f1xx_hal_rcc.o
                0x0000000008003800                HAL_RCC_GetHCLKFreq
 .text.HAL_RCC_GetPCLK1Freq
                0x0000000008003814       0x28 ./Drivers/STM32F1xx_HAL_Driver/Src/stm32f1xx_hal_rcc.o
                0x0000000008003814                HAL_RCC_GetPCLK1Freq
 .text.HAL_RCC_GetPCLK2Freq
                0x000000000800383c       0x28 ./Drivers/STM32F1xx_HAL_Driver/Src/stm32f1xx_hal_rcc.o
                0x000000000800383c                HAL_RCC_GetPCLK2Freq
 .text.RCC_Delay
                0x0000000008003864       0x3c ./Drivers/STM32F1xx_HAL_Driver/Src/stm32f1xx_hal_rcc.o
 .text.HAL_UART_Init
                0x00000000080038a0       0xa0 ./Drivers/STM32F1xx_HAL_Driver/Src/stm32f1xx_hal_uart.o
                0x00000000080038a0                HAL_UART_Init
 .text.HAL_UART_Transmit
                0x0000000008003940      0x106 ./Drivers/STM32F1xx_HAL_Driver/Src/stm32f1xx_hal_uart.o
                0x0000000008003940                HAL_UART_Transmit
 .text.HAL_UART_Receive
                0x0000000008003a46      0x124 ./Drivers/STM32F1xx_HAL_Driver/Src/stm32f1xx_hal_uart.o
                0x0000000008003a46                HAL_UART_Receive
 .text.UART_WaitOnFlagUntilTimeout
                0x0000000008003b6a       0xdc ./Drivers/STM32F1xx_HAL_Driver/Src/stm32f1xx_hal_uart.o
 *fill*         0x0000000008003c46        0x2 
 .text.UART_SetConfig
                0x0000000008003c48      0x11c ./Drivers/STM32F1xx_HAL_Driver/Src/stm32f1xx_hal_uart.o
 .text.sprintf  0x0000000008003d64       0x40 C:/ST/STM32CubeIDE_1.14.1/STM32CubeIDE/plugins/com.st.stm32cube.ide.mcu.externaltools.gnu-tools-for-stm32.11.3.rel1.win32_1.1.100.202309141235/tools/bin/../lib/gcc/arm-none-eabi/11.3.1/../../../../arm-none-eabi/lib/thumb/v7-m/nofp\libc_nano.a(libc_a-sprintf.o)
                0x0000000008003d64                siprintf
                0x0000000008003d64                sprintf
 .text.memset   0x0000000008003da4       0x10 C:/ST/STM32CubeIDE_1.14.1/STM32CubeIDE/plugins/com.st.stm32cube.ide.mcu.externaltools.gnu-tools-for-stm32.11.3.rel1.win32_1.1.100.202309141235/tools/bin/../lib/gcc/arm-none-eabi/11.3.1/../../../../arm-none-eabi/lib/thumb/v7-m/nofp\libc_nano.a(libc_a-memset.o)
                0x0000000008003da4                memset
 .text.__errno  0x0000000008003db4        0xc C:/ST/STM32CubeIDE_1.14.1/STM32CubeIDE/plugins/com.st.stm32cube.ide.mcu.externaltools.gnu-tools-for-stm32.11.3.rel1.win32_1.1.100.202309141235/tools/bin/../lib/gcc/arm-none-eabi/11.3.1/../../../../arm-none-eabi/lib/thumb/v7-m/nofp\libc_nano.a(libc_a-errno.o)
                0x0000000008003db4                __errno
 .text.__libc_init_array
                0x0000000008003dc0       0x48 C:/ST/STM32CubeIDE_1.14.1/STM32CubeIDE/plugins/com.st.stm32cube.ide.mcu.externaltools.gnu-tools-for-stm32.11.3.rel1.win32_1.1.100.202309141235/tools/bin/../lib/gcc/arm-none-eabi/11.3.1/../../../../arm-none-eabi/lib/thumb/v7-m/nofp\libc_nano.a(libc_a-init.o)
                0x0000000008003dc0                __libc_init_array
 .text.__retarget_lock_acquire_recursive
                0x0000000008003e08        0x2 C:/ST/STM32CubeIDE_1.14.1/STM32CubeIDE/plugins/com.st.stm32cube.ide.mcu.externaltools.gnu-tools-for-stm32.11.3.rel1.win32_1.1.100.202309141235/tools/bin/../lib/gcc/arm-none-eabi/11.3.1/../../../../arm-none-eabi/lib/thumb/v7-m/nofp\libc_nano.a(libc_a-lock.o)
                0x0000000008003e08                __retarget_lock_acquire_recursive
 .text.__retarget_lock_release_recursive
                0x0000000008003e0a        0x2 C:/ST/STM32CubeIDE_1.14.1/STM32CubeIDE/plugins/com.st.stm32cube.ide.mcu.externaltools.gnu-tools-for-stm32.11.3.rel1.win32_1.1.100.202309141235/tools/bin/../lib/gcc/arm-none-eabi/11.3.1/../../../../arm-none-eabi/lib/thumb/v7-m/nofp\libc_nano.a(libc_a-lock.o)
                0x0000000008003e0a                __retarget_lock_release_recursive
 .text._free_r  0x0000000008003e0c       0x90 C:/ST/STM32CubeIDE_1.14.1/STM32CubeIDE/plugins/com.st.stm32cube.ide.mcu.externaltools.gnu-tools-for-stm32.11.3.rel1.win32_1.1.100.202309141235/tools/bin/../lib/gcc/arm-none-eabi/11.3.1/../../../../arm-none-eabi/lib/thumb/v7-m/nofp\libc_nano.a(libc_a-freer.o)
                0x0000000008003e0c                _free_r
 .text.sbrk_aligned
                0x0000000008003e9c       0x40 C:/ST/STM32CubeIDE_1.14.1/STM32CubeIDE/plugins/com.st.stm32cube.ide.mcu.externaltools.gnu-tools-for-stm32.11.3.rel1.win32_1.1.100.202309141235/tools/bin/../lib/gcc/arm-none-eabi/11.3.1/../../../../arm-none-eabi/lib/thumb/v7-m/nofp\libc_nano.a(libc_a-mallocr.o)
 .text._malloc_r
                0x0000000008003edc      0x100 C:/ST/STM32CubeIDE_1.14.1/STM32CubeIDE/plugins/com.st.stm32cube.ide.mcu.externaltools.gnu-tools-for-stm32.11.3.rel1.win32_1.1.100.202309141235/tools/bin/../lib/gcc/arm-none-eabi/11.3.1/../../../../arm-none-eabi/lib/thumb/v7-m/nofp\libc_nano.a(libc_a-mallocr.o)
                0x0000000008003edc                _malloc_r
 .text.__malloc_lock
                0x0000000008003fdc        0xc C:/ST/STM32CubeIDE_1.14.1/STM32CubeIDE/plugins/com.st.stm32cube.ide.mcu.externaltools.gnu-tools-for-stm32.11.3.rel1.win32_1.1.100.202309141235/tools/bin/../lib/gcc/arm-none-eabi/11.3.1/../../../../arm-none-eabi/lib/thumb/v7-m/nofp\libc_nano.a(libc_a-mlock.o)
                0x0000000008003fdc                __malloc_lock
 .text.__malloc_unlock
                0x0000000008003fe8        0xc C:/ST/STM32CubeIDE_1.14.1/STM32CubeIDE/plugins/com.st.stm32cube.ide.mcu.externaltools.gnu-tools-for-stm32.11.3.rel1.win32_1.1.100.202309141235/tools/bin/../lib/gcc/arm-none-eabi/11.3.1/../../../../arm-none-eabi/lib/thumb/v7-m/nofp\libc_nano.a(libc_a-mlock.o)
                0x0000000008003fe8                __malloc_unlock
 .text.__ssputs_r
                0x0000000008003ff4       0xb4 C:/ST/STM32CubeIDE_1.14.1/STM32CubeIDE/plugins/com.st.stm32cube.ide.mcu.externaltools.gnu-tools-for-stm32.11.3.rel1.win32_1.1.100.202309141235/tools/bin/../lib/gcc/arm-none-eabi/11.3.1/../../../../arm-none-eabi/lib/thumb/v7-m/nofp\libc_nano.a(libc_a-nano-svfprintf.o)
                0x0000000008003ff4                __ssputs_r
 .text._svfprintf_r
                0x00000000080040a8      0x1fc C:/ST/STM32CubeIDE_1.14.1/STM32CubeIDE/plugins/com.st.stm32cube.ide.mcu.externaltools.gnu-tools-for-stm32.11.3.rel1.win32_1.1.100.202309141235/tools/bin/../lib/gcc/arm-none-eabi/11.3.1/../../../../arm-none-eabi/lib/thumb/v7-m/nofp\libc_nano.a(libc_a-nano-svfprintf.o)
                0x00000000080040a8                _svfiprintf_r
                0x00000000080040a8                _svfprintf_r
 .text._printf_common
                0x00000000080042a4       0xe4 C:/ST/STM32CubeIDE_1.14.1/STM32CubeIDE/plugins/com.st.stm32cube.ide.mcu.externaltools.gnu-tools-for-stm32.11.3.rel1.win32_1.1.100.202309141235/tools/bin/../lib/gcc/arm-none-eabi/11.3.1/../../../../arm-none-eabi/lib/thumb/v7-m/nofp\libc_nano.a(libc_a-nano-vfprintf_i.o)
                0x00000000080042a4                _printf_common
 .text._printf_i
                0x0000000008004388      0x244 C:/ST/STM32CubeIDE_1.14.1/STM32CubeIDE/plugins/com.st.stm32cube.ide.mcu.externaltools.gnu-tools-for-stm32.11.3.rel1.win32_1.1.100.202309141235/tools/bin/../lib/gcc/arm-none-eabi/11.3.1/../../../../arm-none-eabi/lib/thumb/v7-m/nofp\libc_nano.a(libc_a-nano-vfprintf_i.o)
                0x0000000008004388                _printf_i
 .text.memmove  0x00000000080045cc       0x34 C:/ST/STM32CubeIDE_1.14.1/STM32CubeIDE/plugins/com.st.stm32cube.ide.mcu.externaltools.gnu-tools-for-stm32.11.3.rel1.win32_1.1.100.202309141235/tools/bin/../lib/gcc/arm-none-eabi/11.3.1/../../../../arm-none-eabi/lib/thumb/v7-m/nofp\libc_nano.a(libc_a-memmove.o)
                0x00000000080045cc                memmove
 .text._sbrk_r  0x0000000008004600       0x20 C:/ST/STM32CubeIDE_1.14.1/STM32CubeIDE/plugins/com.st.stm32cube.ide.mcu.externaltools.gnu-tools-for-stm32.11.3.rel1.win32_1.1.100.202309141235/tools/bin/../lib/gcc/arm-none-eabi/11.3.1/../../../../arm-none-eabi/lib/thumb/v7-m/nofp\libc_nano.a(libc_a-sbrkr.o)
                0x0000000008004600                _sbrk_r
 .text.memchr   0x0000000008004620       0x1c C:/ST/STM32CubeIDE_1.14.1/STM32CubeIDE/plugins/com.st.stm32cube.ide.mcu.externaltools.gnu-tools-for-stm32.11.3.rel1.win32_1.1.100.202309141235/tools/bin/../lib/gcc/arm-none-eabi/11.3.1/../../../../arm-none-eabi/lib/thumb/v7-m/nofp\libc_nano.a(libc_a-memchr-stub.o)
                0x0000000008004620                memchr
 .text.memcpy   0x000000000800463c       0x1c C:/ST/STM32CubeIDE_1.14.1/STM32CubeIDE/plugins/com.st.stm32cube.ide.mcu.externaltools.gnu-tools-for-stm32.11.3.rel1.win32_1.1.100.202309141235/tools/bin/../lib/gcc/arm-none-eabi/11.3.1/../../../../arm-none-eabi/lib/thumb/v7-m/nofp\libc_nano.a(libc_a-memcpy-stub.o)
                0x000000000800463c                memcpy
 .text._realloc_r
                0x0000000008004658       0x5e C:/ST/STM32CubeIDE_1.14.1/STM32CubeIDE/plugins/com.st.stm32cube.ide.mcu.externaltools.gnu-tools-for-stm32.11.3.rel1.win32_1.1.100.202309141235/tools/bin/../lib/gcc/arm-none-eabi/11.3.1/../../../../arm-none-eabi/lib/thumb/v7-m/nofp\libc_nano.a(libc_a-reallocr.o)
                0x0000000008004658                _realloc_r
 .text._malloc_usable_size_r
                0x00000000080046b6       0x10 C:/ST/STM32CubeIDE_1.14.1/STM32CubeIDE/plugins/com.st.stm32cube.ide.mcu.externaltools.gnu-tools-for-stm32.11.3.rel1.win32_1.1.100.202309141235/tools/bin/../lib/gcc/arm-none-eabi/11.3.1/../../../../arm-none-eabi/lib/thumb/v7-m/nofp\libc_nano.a(libc_a-msizer.o)
                0x00000000080046b6                _malloc_usable_size_r
 *(.glue_7)
 .glue_7        0x00000000080046c6        0x0 linker stubs
 *(.glue_7t)
 .glue_7t       0x00000000080046c6        0x0 linker stubs
 *(.eh_frame)
 *fill*         0x00000000080046c6        0x2 
 .eh_frame      0x00000000080046c8        0x0 C:/ST/STM32CubeIDE_1.14.1/STM32CubeIDE/plugins/com.st.stm32cube.ide.mcu.externaltools.gnu-tools-for-stm32.11.3.rel1.win32_1.1.100.202309141235/tools/bin/../lib/gcc/arm-none-eabi/11.3.1/thumb/v7-m/nofp/crtbegin.o
 *(.init)
 .init          0x00000000080046c8        0x4 C:/ST/STM32CubeIDE_1.14.1/STM32CubeIDE/plugins/com.st.stm32cube.ide.mcu.externaltools.gnu-tools-for-stm32.11.3.rel1.win32_1.1.100.202309141235/tools/bin/../lib/gcc/arm-none-eabi/11.3.1/thumb/v7-m/nofp/crti.o
                0x00000000080046c8                _init
 .init          0x00000000080046cc        0x8 C:/ST/STM32CubeIDE_1.14.1/STM32CubeIDE/plugins/com.st.stm32cube.ide.mcu.externaltools.gnu-tools-for-stm32.11.3.rel1.win32_1.1.100.202309141235/tools/bin/../lib/gcc/arm-none-eabi/11.3.1/thumb/v7-m/nofp/crtn.o
 *(.fini)
 .fini          0x00000000080046d4        0x4 C:/ST/STM32CubeIDE_1.14.1/STM32CubeIDE/plugins/com.st.stm32cube.ide.mcu.externaltools.gnu-tools-for-stm32.11.3.rel1.win32_1.1.100.202309141235/tools/bin/../lib/gcc/arm-none-eabi/11.3.1/thumb/v7-m/nofp/crti.o
                0x00000000080046d4                _fini
 .fini          0x00000000080046d8        0x8 C:/ST/STM32CubeIDE_1.14.1/STM32CubeIDE/plugins/com.st.stm32cube.ide.mcu.externaltools.gnu-tools-for-stm32.11.3.rel1.win32_1.1.100.202309141235/tools/bin/../lib/gcc/arm-none-eabi/11.3.1/thumb/v7-m/nofp/crtn.o
                0x00000000080046e0                . = ALIGN (0x4)
                0x00000000080046e0                _etext = .

.vfp11_veneer   0x00000000080046e0        0x0
 .vfp11_veneer  0x00000000080046e0        0x0 linker stubs

.v4_bx          0x00000000080046e0        0x0
 .v4_bx         0x00000000080046e0        0x0 linker stubs

.iplt           0x00000000080046e0        0x0
 .iplt          0x00000000080046e0        0x0 C:/ST/STM32CubeIDE_1.14.1/STM32CubeIDE/plugins/com.st.stm32cube.ide.mcu.externaltools.gnu-tools-for-stm32.11.3.rel1.win32_1.1.100.202309141235/tools/bin/../lib/gcc/arm-none-eabi/11.3.1/thumb/v7-m/nofp/crtbegin.o

.rodata         0x00000000080046e0      0x988
                0x00000000080046e0                . = ALIGN (0x4)
 *(.rodata)
 .rodata        0x00000000080046e0      0x926 ./Core/Src/fsm.o
 *(.rodata*)
 *fill*         0x0000000008005006        0x2 
 .rodata.AHBPrescTable
                0x0000000008005008       0x10 ./Core/Src/system_stm32f1xx.o
                0x0000000008005008                AHBPrescTable
 .rodata.APBPrescTable
                0x0000000008005018        0x8 ./Core/Src/system_stm32f1xx.o
                0x0000000008005018                APBPrescTable
 .rodata.aPLLMULFactorTable.1
                0x0000000008005020       0x10 ./Drivers/STM32F1xx_HAL_Driver/Src/stm32f1xx_hal_rcc.o
 .rodata.aPredivFactorTable.0
                0x0000000008005030        0x2 ./Drivers/STM32F1xx_HAL_Driver/Src/stm32f1xx_hal_rcc.o
 .rodata._svfprintf_r.str1.1
                0x0000000008005032       0x11 C:/ST/STM32CubeIDE_1.14.1/STM32CubeIDE/plugins/com.st.stm32cube.ide.mcu.externaltools.gnu-tools-for-stm32.11.3.rel1.win32_1.1.100.202309141235/tools/bin/../lib/gcc/arm-none-eabi/11.3.1/../../../../arm-none-eabi/lib/thumb/v7-m/nofp\libc_nano.a(libc_a-nano-svfprintf.o)
 .rodata._printf_i.str1.1
                0x0000000008005043       0x22 C:/ST/STM32CubeIDE_1.14.1/STM32CubeIDE/plugins/com.st.stm32cube.ide.mcu.externaltools.gnu-tools-for-stm32.11.3.rel1.win32_1.1.100.202309141235/tools/bin/../lib/gcc/arm-none-eabi/11.3.1/../../../../arm-none-eabi/lib/thumb/v7-m/nofp\libc_nano.a(libc_a-nano-vfprintf_i.o)
                0x0000000008005068                . = ALIGN (0x4)
 *fill*         0x0000000008005065        0x3 

.rel.dyn        0x0000000008005068        0x0
 .rel.iplt      0x0000000008005068        0x0 C:/ST/STM32CubeIDE_1.14.1/STM32CubeIDE/plugins/com.st.stm32cube.ide.mcu.externaltools.gnu-tools-for-stm32.11.3.rel1.win32_1.1.100.202309141235/tools/bin/../lib/gcc/arm-none-eabi/11.3.1/thumb/v7-m/nofp/crtbegin.o

.ARM.extab      0x0000000008005068        0x0
                0x0000000008005068                . = ALIGN (0x4)
 *(.ARM.extab* .gnu.linkonce.armextab.*)
                0x0000000008005068                . = ALIGN (0x4)

.ARM            0x0000000008005068        0x0
                0x0000000008005068                . = ALIGN (0x4)
                0x0000000008005068                __exidx_start = .
 *(.ARM.exidx*)
                0x0000000008005068                __exidx_end = .
                0x0000000008005068                . = ALIGN (0x4)

.preinit_array  0x0000000008005068        0x0
                0x0000000008005068                . = ALIGN (0x4)
                0x0000000008005068                PROVIDE (__preinit_array_start = .)
 *(.preinit_array*)
                0x0000000008005068                PROVIDE (__preinit_array_end = .)
                0x0000000008005068                . = ALIGN (0x4)

.init_array     0x0000000008005068        0x4
                0x0000000008005068                . = ALIGN (0x4)
                0x0000000008005068                PROVIDE (__init_array_start = .)
 *(SORT_BY_NAME(.init_array.*))
 *(.init_array*)
 .init_array    0x0000000008005068        0x4 C:/ST/STM32CubeIDE_1.14.1/STM32CubeIDE/plugins/com.st.stm32cube.ide.mcu.externaltools.gnu-tools-for-stm32.11.3.rel1.win32_1.1.100.202309141235/tools/bin/../lib/gcc/arm-none-eabi/11.3.1/thumb/v7-m/nofp/crtbegin.o
                0x000000000800506c                PROVIDE (__init_array_end = .)
                0x000000000800506c                . = ALIGN (0x4)

.fini_array     0x000000000800506c        0x4
                0x000000000800506c                . = ALIGN (0x4)
                [!provide]                        PROVIDE (__fini_array_start = .)
 *(SORT_BY_NAME(.fini_array.*))
 *(.fini_array*)
 .fini_array    0x000000000800506c        0x4 C:/ST/STM32CubeIDE_1.14.1/STM32CubeIDE/plugins/com.st.stm32cube.ide.mcu.externaltools.gnu-tools-for-stm32.11.3.rel1.win32_1.1.100.202309141235/tools/bin/../lib/gcc/arm-none-eabi/11.3.1/thumb/v7-m/nofp/crtbegin.o
                [!provide]                        PROVIDE (__fini_array_end = .)
                0x0000000008005070                . = ALIGN (0x4)
                0x0000000008005070                _sidata = LOADADDR (.data)

.data           0x0000000020000000       0xc4 load address 0x0000000008005070
                0x0000000020000000                . = ALIGN (0x4)
                0x0000000020000000                _sdata = .
 *(.data)
 *(.data*)
 .data.ADS1115_POINTER_CONFIGURATION
                0x0000000020000000        0x1 ./Core/Src/ads1115.o
                0x0000000020000000                ADS1115_POINTER_CONFIGURATION
 *fill*         0x0000000020000001        0x3 
 .data.menu     0x0000000020000004       0x64 ./Core/Src/fsm.o
                0x0000000020000004                menu
 .data.SystemCoreClock
                0x0000000020000068        0x4 ./Core/Src/system_stm32f1xx.o
                0x0000000020000068                SystemCoreClock
 .data.uwTickPrio
                0x000000002000006c        0x4 ./Drivers/STM32F1xx_HAL_Driver/Src/stm32f1xx_hal.o
                0x000000002000006c                uwTickPrio
 .data.uwTickFreq
                0x0000000020000070        0x1 ./Drivers/STM32F1xx_HAL_Driver/Src/stm32f1xx_hal.o
                0x0000000020000070                uwTickFreq
 *fill*         0x0000000020000071        0x3 
 .data._impure_data
                0x0000000020000074       0x4c C:/ST/STM32CubeIDE_1.14.1/STM32CubeIDE/plugins/com.st.stm32cube.ide.mcu.externaltools.gnu-tools-for-stm32.11.3.rel1.win32_1.1.100.202309141235/tools/bin/../lib/gcc/arm-none-eabi/11.3.1/../../../../arm-none-eabi/lib/thumb/v7-m/nofp\libc_nano.a(libc_a-impure.o)
                0x0000000020000074                _impure_data
 .data._impure_ptr
                0x00000000200000c0        0x4 C:/ST/STM32CubeIDE_1.14.1/STM32CubeIDE/plugins/com.st.stm32cube.ide.mcu.externaltools.gnu-tools-for-stm32.11.3.rel1.win32_1.1.100.202309141235/tools/bin/../lib/gcc/arm-none-eabi/11.3.1/../../../../arm-none-eabi/lib/thumb/v7-m/nofp\libc_nano.a(libc_a-impure.o)
                0x00000000200000c0                _impure_ptr
 *(.RamFunc)
 *(.RamFunc*)
                0x00000000200000c4                . = ALIGN (0x4)
                0x00000000200000c4                _edata = .

.igot.plt       0x00000000200000c4        0x0 load address 0x0000000008005134
 .igot.plt      0x00000000200000c4        0x0 C:/ST/STM32CubeIDE_1.14.1/STM32CubeIDE/plugins/com.st.stm32cube.ide.mcu.externaltools.gnu-tools-for-stm32.11.3.rel1.win32_1.1.100.202309141235/tools/bin/../lib/gcc/arm-none-eabi/11.3.1/thumb/v7-m/nofp/crtbegin.o
                0x00000000200000c4                . = ALIGN (0x4)

.bss            0x00000000200000c4      0x21c load address 0x0000000008005134
                0x00000000200000c4                _sbss = .
                0x00000000200000c4                __bss_start__ = _sbss
 *(.bss)
 .bss           0x00000000200000c4       0x1c C:/ST/STM32CubeIDE_1.14.1/STM32CubeIDE/plugins/com.st.stm32cube.ide.mcu.externaltools.gnu-tools-for-stm32.11.3.rel1.win32_1.1.100.202309141235/tools/bin/../lib/gcc/arm-none-eabi/11.3.1/thumb/v7-m/nofp/crtbegin.o
 *(.bss*)
 .bss.ADS1115_POINTER_CONVERSION
                0x00000000200000e0        0x1 ./Core/Src/ads1115.o
                0x00000000200000e0                ADS1115_POINTER_CONVERSION
 *fill*         0x00000000200000e1        0x3 
 .bss.huart     0x00000000200000e4        0x4 ./Core/Src/fsm.o
                0x00000000200000e4                huart
 .bss.hi2c1     0x00000000200000e8       0x54 ./Core/Src/main.o
                0x00000000200000e8                hi2c1
 .bss.huart1    0x000000002000013c       0x48 ./Core/Src/main.o
                0x000000002000013c                huart1
 .bss.adc       0x0000000020000184        0x8 ./Core/Src/main.o
                0x0000000020000184                adc
 .bss.evento    0x000000002000018c        0x1 ./Core/Src/main.o
                0x000000002000018c                evento
 .bss.estado    0x000000002000018d        0x1 ./Core/Src/main.o
                0x000000002000018d                estado
 *fill*         0x000000002000018e        0x2 
 .bss.__sbrk_heap_end
                0x0000000020000190        0x4 ./Core/Src/sysmem.o
 .bss.uwTick    0x0000000020000194        0x4 ./Drivers/STM32F1xx_HAL_Driver/Src/stm32f1xx_hal.o
                0x0000000020000194                uwTick
 .bss.__sf      0x0000000020000198      0x138 C:/ST/STM32CubeIDE_1.14.1/STM32CubeIDE/plugins/com.st.stm32cube.ide.mcu.externaltools.gnu-tools-for-stm32.11.3.rel1.win32_1.1.100.202309141235/tools/bin/../lib/gcc/arm-none-eabi/11.3.1/../../../../arm-none-eabi/lib/thumb/v7-m/nofp\libc_nano.a(libc_a-findfp.o)
                0x0000000020000198                __sf
 .bss.errno     0x00000000200002d0        0x4 C:/ST/STM32CubeIDE_1.14.1/STM32CubeIDE/plugins/com.st.stm32cube.ide.mcu.externaltools.gnu-tools-for-stm32.11.3.rel1.win32_1.1.100.202309141235/tools/bin/../lib/gcc/arm-none-eabi/11.3.1/../../../../arm-none-eabi/lib/thumb/v7-m/nofp\libc_nano.a(libc_a-reent.o)
                0x00000000200002d0                errno
 .bss.__lock___malloc_recursive_mutex
                0x00000000200002d4        0x1 C:/ST/STM32CubeIDE_1.14.1/STM32CubeIDE/plugins/com.st.stm32cube.ide.mcu.externaltools.gnu-tools-for-stm32.11.3.rel1.win32_1.1.100.202309141235/tools/bin/../lib/gcc/arm-none-eabi/11.3.1/../../../../arm-none-eabi/lib/thumb/v7-m/nofp\libc_nano.a(libc_a-lock.o)
                0x00000000200002d4                __lock___malloc_recursive_mutex
 *fill*         0x00000000200002d5        0x3 
 .bss.__malloc_free_list
                0x00000000200002d8        0x4 C:/ST/STM32CubeIDE_1.14.1/STM32CubeIDE/plugins/com.st.stm32cube.ide.mcu.externaltools.gnu-tools-for-stm32.11.3.rel1.win32_1.1.100.202309141235/tools/bin/../lib/gcc/arm-none-eabi/11.3.1/../../../../arm-none-eabi/lib/thumb/v7-m/nofp\libc_nano.a(libc_a-mallocr.o)
                0x00000000200002d8                __malloc_free_list
 .bss.__malloc_sbrk_start
                0x00000000200002dc        0x4 C:/ST/STM32CubeIDE_1.14.1/STM32CubeIDE/plugins/com.st.stm32cube.ide.mcu.externaltools.gnu-tools-for-stm32.11.3.rel1.win32_1.1.100.202309141235/tools/bin/../lib/gcc/arm-none-eabi/11.3.1/../../../../arm-none-eabi/lib/thumb/v7-m/nofp\libc_nano.a(libc_a-mallocr.o)
                0x00000000200002dc                __malloc_sbrk_start
 *(COMMON)
                0x00000000200002e0                . = ALIGN (0x4)
                0x00000000200002e0                _ebss = .
                0x00000000200002e0                __bss_end__ = _ebss

._user_heap_stack
                0x00000000200002e0      0x600 load address 0x0000000008005134
                0x00000000200002e0                . = ALIGN (0x8)
                [!provide]                        PROVIDE (end = .)
                0x00000000200002e0                PROVIDE (_end = .)
                0x00000000200004e0                . = (. + _Min_Heap_Size)
 *fill*         0x00000000200002e0      0x200 
                0x00000000200008e0                . = (. + _Min_Stack_Size)
 *fill*         0x00000000200004e0      0x400 
                0x00000000200008e0                . = ALIGN (0x8)

/DISCARD/
 libc.a(*)
 libm.a(*)
 libgcc.a(*)

.ARM.attributes
                0x0000000000000000       0x29
 *(.ARM.attributes)
 .ARM.attributes
                0x0000000000000000       0x1d C:/ST/STM32CubeIDE_1.14.1/STM32CubeIDE/plugins/com.st.stm32cube.ide.mcu.externaltools.gnu-tools-for-stm32.11.3.rel1.win32_1.1.100.202309141235/tools/bin/../lib/gcc/arm-none-eabi/11.3.1/thumb/v7-m/nofp/crti.o
 .ARM.attributes
                0x000000000000001d       0x2d C:/ST/STM32CubeIDE_1.14.1/STM32CubeIDE/plugins/com.st.stm32cube.ide.mcu.externaltools.gnu-tools-for-stm32.11.3.rel1.win32_1.1.100.202309141235/tools/bin/../lib/gcc/arm-none-eabi/11.3.1/thumb/v7-m/nofp/crtbegin.o
 .ARM.attributes
                0x000000000000004a       0x2d ./Core/Src/ads1115.o
 .ARM.attributes
                0x0000000000000077       0x2d ./Core/Src/fsm.o
 .ARM.attributes
                0x00000000000000a4       0x2d ./Core/Src/main.o
 .ARM.attributes
                0x00000000000000d1       0x2d ./Core/Src/stm32f1xx_hal_msp.o
 .ARM.attributes
                0x00000000000000fe       0x2d ./Core/Src/stm32f1xx_it.o
 .ARM.attributes
                0x000000000000012b       0x2d ./Core/Src/sysmem.o
 .ARM.attributes
                0x0000000000000158       0x2d ./Core/Src/system_stm32f1xx.o
 .ARM.attributes
                0x0000000000000185       0x21 ./Core/Startup/startup_stm32f103c8tx.o
 .ARM.attributes
                0x00000000000001a6       0x2d ./Drivers/STM32F1xx_HAL_Driver/Src/stm32f1xx_hal.o
 .ARM.attributes
                0x00000000000001d3       0x2d ./Drivers/STM32F1xx_HAL_Driver/Src/stm32f1xx_hal_cortex.o
 .ARM.attributes
                0x0000000000000200       0x2d ./Drivers/STM32F1xx_HAL_Driver/Src/stm32f1xx_hal_gpio.o
 .ARM.attributes
                0x000000000000022d       0x2d ./Drivers/STM32F1xx_HAL_Driver/Src/stm32f1xx_hal_i2c.o
 .ARM.attributes
                0x000000000000025a       0x2d ./Drivers/STM32F1xx_HAL_Driver/Src/stm32f1xx_hal_rcc.o
 .ARM.attributes
                0x0000000000000287       0x2d ./Drivers/STM32F1xx_HAL_Driver/Src/stm32f1xx_hal_uart.o
 .ARM.attributes
                0x00000000000002b4       0x2d C:/ST/STM32CubeIDE_1.14.1/STM32CubeIDE/plugins/com.st.stm32cube.ide.mcu.externaltools.gnu-tools-for-stm32.11.3.rel1.win32_1.1.100.202309141235/tools/bin/../lib/gcc/arm-none-eabi/11.3.1/../../../../arm-none-eabi/lib/thumb/v7-m/nofp\libc_nano.a(libc_a-findfp.o)
 .ARM.attributes
                0x00000000000002e1       0x2d C:/ST/STM32CubeIDE_1.14.1/STM32CubeIDE/plugins/com.st.stm32cube.ide.mcu.externaltools.gnu-tools-for-stm32.11.3.rel1.win32_1.1.100.202309141235/tools/bin/../lib/gcc/arm-none-eabi/11.3.1/../../../../arm-none-eabi/lib/thumb/v7-m/nofp\libc_nano.a(libc_a-sprintf.o)
 .ARM.attributes
                0x000000000000030e       0x2d C:/ST/STM32CubeIDE_1.14.1/STM32CubeIDE/plugins/com.st.stm32cube.ide.mcu.externaltools.gnu-tools-for-stm32.11.3.rel1.win32_1.1.100.202309141235/tools/bin/../lib/gcc/arm-none-eabi/11.3.1/../../../../arm-none-eabi/lib/thumb/v7-m/nofp\libc_nano.a(libc_a-memset.o)
 .ARM.attributes
                0x000000000000033b       0x2d C:/ST/STM32CubeIDE_1.14.1/STM32CubeIDE/plugins/com.st.stm32cube.ide.mcu.externaltools.gnu-tools-for-stm32.11.3.rel1.win32_1.1.100.202309141235/tools/bin/../lib/gcc/arm-none-eabi/11.3.1/../../../../arm-none-eabi/lib/thumb/v7-m/nofp\libc_nano.a(libc_a-reent.o)
 .ARM.attributes
                0x0000000000000368       0x2d C:/ST/STM32CubeIDE_1.14.1/STM32CubeIDE/plugins/com.st.stm32cube.ide.mcu.externaltools.gnu-tools-for-stm32.11.3.rel1.win32_1.1.100.202309141235/tools/bin/../lib/gcc/arm-none-eabi/11.3.1/../../../../arm-none-eabi/lib/thumb/v7-m/nofp\libc_nano.a(libc_a-impure.o)
 .ARM.attributes
                0x0000000000000395       0x2d C:/ST/STM32CubeIDE_1.14.1/STM32CubeIDE/plugins/com.st.stm32cube.ide.mcu.externaltools.gnu-tools-for-stm32.11.3.rel1.win32_1.1.100.202309141235/tools/bin/../lib/gcc/arm-none-eabi/11.3.1/../../../../arm-none-eabi/lib/thumb/v7-m/nofp\libc_nano.a(libc_a-errno.o)
 .ARM.attributes
                0x00000000000003c2       0x2d C:/ST/STM32CubeIDE_1.14.1/STM32CubeIDE/plugins/com.st.stm32cube.ide.mcu.externaltools.gnu-tools-for-stm32.11.3.rel1.win32_1.1.100.202309141235/tools/bin/../lib/gcc/arm-none-eabi/11.3.1/../../../../arm-none-eabi/lib/thumb/v7-m/nofp\libc_nano.a(libc_a-init.o)
 .ARM.attributes
                0x00000000000003ef       0x2d C:/ST/STM32CubeIDE_1.14.1/STM32CubeIDE/plugins/com.st.stm32cube.ide.mcu.externaltools.gnu-tools-for-stm32.11.3.rel1.win32_1.1.100.202309141235/tools/bin/../lib/gcc/arm-none-eabi/11.3.1/../../../../arm-none-eabi/lib/thumb/v7-m/nofp\libc_nano.a(libc_a-lock.o)
 .ARM.attributes
                0x000000000000041c       0x17 C:/ST/STM32CubeIDE_1.14.1/STM32CubeIDE/plugins/com.st.stm32cube.ide.mcu.externaltools.gnu-tools-for-stm32.11.3.rel1.win32_1.1.100.202309141235/tools/bin/../lib/gcc/arm-none-eabi/11.3.1/../../../../arm-none-eabi/lib/thumb/v7-m/nofp\libc_nano.a(libc_a-strlen.o)
 .ARM.attributes
                0x0000000000000433       0x2d C:/ST/STM32CubeIDE_1.14.1/STM32CubeIDE/plugins/com.st.stm32cube.ide.mcu.externaltools.gnu-tools-for-stm32.11.3.rel1.win32_1.1.100.202309141235/tools/bin/../lib/gcc/arm-none-eabi/11.3.1/../../../../arm-none-eabi/lib/thumb/v7-m/nofp\libc_nano.a(libc_a-freer.o)
 .ARM.attributes
                0x0000000000000460       0x2d C:/ST/STM32CubeIDE_1.14.1/STM32CubeIDE/plugins/com.st.stm32cube.ide.mcu.externaltools.gnu-tools-for-stm32.11.3.rel1.win32_1.1.100.202309141235/tools/bin/../lib/gcc/arm-none-eabi/11.3.1/../../../../arm-none-eabi/lib/thumb/v7-m/nofp\libc_nano.a(libc_a-mallocr.o)
 .ARM.attributes
                0x000000000000048d       0x2d C:/ST/STM32CubeIDE_1.14.1/STM32CubeIDE/plugins/com.st.stm32cube.ide.mcu.externaltools.gnu-tools-for-stm32.11.3.rel1.win32_1.1.100.202309141235/tools/bin/../lib/gcc/arm-none-eabi/11.3.1/../../../../arm-none-eabi/lib/thumb/v7-m/nofp\libc_nano.a(libc_a-mlock.o)
 .ARM.attributes
                0x00000000000004ba       0x2d C:/ST/STM32CubeIDE_1.14.1/STM32CubeIDE/plugins/com.st.stm32cube.ide.mcu.externaltools.gnu-tools-for-stm32.11.3.rel1.win32_1.1.100.202309141235/tools/bin/../lib/gcc/arm-none-eabi/11.3.1/../../../../arm-none-eabi/lib/thumb/v7-m/nofp\libc_nano.a(libc_a-nano-svfprintf.o)
 .ARM.attributes
                0x00000000000004e7       0x2d C:/ST/STM32CubeIDE_1.14.1/STM32CubeIDE/plugins/com.st.stm32cube.ide.mcu.externaltools.gnu-tools-for-stm32.11.3.rel1.win32_1.1.100.202309141235/tools/bin/../lib/gcc/arm-none-eabi/11.3.1/../../../../arm-none-eabi/lib/thumb/v7-m/nofp\libc_nano.a(libc_a-nano-vfprintf_i.o)
 .ARM.attributes
                0x0000000000000514       0x2d C:/ST/STM32CubeIDE_1.14.1/STM32CubeIDE/plugins/com.st.stm32cube.ide.mcu.externaltools.gnu-tools-for-stm32.11.3.rel1.win32_1.1.100.202309141235/tools/bin/../lib/gcc/arm-none-eabi/11.3.1/../../../../arm-none-eabi/lib/thumb/v7-m/nofp\libc_nano.a(libc_a-memmove.o)
 .ARM.attributes
                0x0000000000000541       0x2d C:/ST/STM32CubeIDE_1.14.1/STM32CubeIDE/plugins/com.st.stm32cube.ide.mcu.externaltools.gnu-tools-for-stm32.11.3.rel1.win32_1.1.100.202309141235/tools/bin/../lib/gcc/arm-none-eabi/11.3.1/../../../../arm-none-eabi/lib/thumb/v7-m/nofp\libc_nano.a(libc_a-sbrkr.o)
 .ARM.attributes
                0x000000000000056e       0x2d C:/ST/STM32CubeIDE_1.14.1/STM32CubeIDE/plugins/com.st.stm32cube.ide.mcu.externaltools.gnu-tools-for-stm32.11.3.rel1.win32_1.1.100.202309141235/tools/bin/../lib/gcc/arm-none-eabi/11.3.1/../../../../arm-none-eabi/lib/thumb/v7-m/nofp\libc_nano.a(libc_a-memchr-stub.o)
 .ARM.attributes
                0x000000000000059b       0x2d C:/ST/STM32CubeIDE_1.14.1/STM32CubeIDE/plugins/com.st.stm32cube.ide.mcu.externaltools.gnu-tools-for-stm32.11.3.rel1.win32_1.1.100.202309141235/tools/bin/../lib/gcc/arm-none-eabi/11.3.1/../../../../arm-none-eabi/lib/thumb/v7-m/nofp\libc_nano.a(libc_a-memcpy-stub.o)
 .ARM.attributes
                0x00000000000005c8       0x2d C:/ST/STM32CubeIDE_1.14.1/STM32CubeIDE/plugins/com.st.stm32cube.ide.mcu.externaltools.gnu-tools-for-stm32.11.3.rel1.win32_1.1.100.202309141235/tools/bin/../lib/gcc/arm-none-eabi/11.3.1/../../../../arm-none-eabi/lib/thumb/v7-m/nofp\libc_nano.a(libc_a-reallocr.o)
 .ARM.attributes
                0x00000000000005f5       0x2d C:/ST/STM32CubeIDE_1.14.1/STM32CubeIDE/plugins/com.st.stm32cube.ide.mcu.externaltools.gnu-tools-for-stm32.11.3.rel1.win32_1.1.100.202309141235/tools/bin/../lib/gcc/arm-none-eabi/11.3.1/../../../../arm-none-eabi/lib/thumb/v7-m/nofp\libc_nano.a(libc_a-msizer.o)
 .ARM.attributes
                0x0000000000000622       0x1d C:/ST/STM32CubeIDE_1.14.1/STM32CubeIDE/plugins/com.st.stm32cube.ide.mcu.externaltools.gnu-tools-for-stm32.11.3.rel1.win32_1.1.100.202309141235/tools/bin/../lib/gcc/arm-none-eabi/11.3.1/thumb/v7-m/nofp\libgcc.a(_arm_addsubsf3.o)
 .ARM.attributes
                0x000000000000063f       0x1d C:/ST/STM32CubeIDE_1.14.1/STM32CubeIDE/plugins/com.st.stm32cube.ide.mcu.externaltools.gnu-tools-for-stm32.11.3.rel1.win32_1.1.100.202309141235/tools/bin/../lib/gcc/arm-none-eabi/11.3.1/thumb/v7-m/nofp\libgcc.a(_arm_muldivsf3.o)
 .ARM.attributes
                0x000000000000065c       0x1d C:/ST/STM32CubeIDE_1.14.1/STM32CubeIDE/plugins/com.st.stm32cube.ide.mcu.externaltools.gnu-tools-for-stm32.11.3.rel1.win32_1.1.100.202309141235/tools/bin/../lib/gcc/arm-none-eabi/11.3.1/thumb/v7-m/nofp\libgcc.a(_arm_fixsfsi.o)
 .ARM.attributes
                0x0000000000000679       0x1d C:/ST/STM32CubeIDE_1.14.1/STM32CubeIDE/plugins/com.st.stm32cube.ide.mcu.externaltools.gnu-tools-for-stm32.11.3.rel1.win32_1.1.100.202309141235/tools/bin/../lib/gcc/arm-none-eabi/11.3.1/thumb/v7-m/nofp/crtn.o
OUTPUT(ads1115.elf elf32-littlearm)
LOAD linker stubs
LOAD C:/ST/STM32CubeIDE_1.14.1/STM32CubeIDE/plugins/com.st.stm32cube.ide.mcu.externaltools.gnu-tools-for-stm32.11.3.rel1.win32_1.1.100.202309141235/tools/bin/../lib/gcc/arm-none-eabi/11.3.1/../../../../arm-none-eabi/lib/thumb/v7-m/nofp\libc.a
LOAD C:/ST/STM32CubeIDE_1.14.1/STM32CubeIDE/plugins/com.st.stm32cube.ide.mcu.externaltools.gnu-tools-for-stm32.11.3.rel1.win32_1.1.100.202309141235/tools/bin/../lib/gcc/arm-none-eabi/11.3.1/../../../../arm-none-eabi/lib/thumb/v7-m/nofp\libm.a
LOAD C:/ST/STM32CubeIDE_1.14.1/STM32CubeIDE/plugins/com.st.stm32cube.ide.mcu.externaltools.gnu-tools-for-stm32.11.3.rel1.win32_1.1.100.202309141235/tools/bin/../lib/gcc/arm-none-eabi/11.3.1/thumb/v7-m/nofp\libgcc.a

.comment        0x0000000000000000       0x43
 .comment       0x0000000000000000       0x43 C:/ST/STM32CubeIDE_1.14.1/STM32CubeIDE/plugins/com.st.stm32cube.ide.mcu.externaltools.gnu-tools-for-stm32.11.3.rel1.win32_1.1.100.202309141235/tools/bin/../lib/gcc/arm-none-eabi/11.3.1/thumb/v7-m/nofp/crtbegin.o
                                         0x44 (size before relaxing)
 .comment       0x0000000000000043       0x44 ./Core/Src/ads1115.o
 .comment       0x0000000000000043       0x44 ./Core/Src/fsm.o
 .comment       0x0000000000000043       0x44 ./Core/Src/main.o
 .comment       0x0000000000000043       0x44 ./Core/Src/stm32f1xx_hal_msp.o
 .comment       0x0000000000000043       0x44 ./Core/Src/stm32f1xx_it.o
 .comment       0x0000000000000043       0x44 ./Core/Src/sysmem.o
 .comment       0x0000000000000043       0x44 ./Core/Src/system_stm32f1xx.o
 .comment       0x0000000000000043       0x44 ./Drivers/STM32F1xx_HAL_Driver/Src/stm32f1xx_hal.o
 .comment       0x0000000000000043       0x44 ./Drivers/STM32F1xx_HAL_Driver/Src/stm32f1xx_hal_cortex.o
 .comment       0x0000000000000043       0x44 ./Drivers/STM32F1xx_HAL_Driver/Src/stm32f1xx_hal_gpio.o
 .comment       0x0000000000000043       0x44 ./Drivers/STM32F1xx_HAL_Driver/Src/stm32f1xx_hal_i2c.o
 .comment       0x0000000000000043       0x44 ./Drivers/STM32F1xx_HAL_Driver/Src/stm32f1xx_hal_rcc.o
 .comment       0x0000000000000043       0x44 ./Drivers/STM32F1xx_HAL_Driver/Src/stm32f1xx_hal_uart.o

.debug_info     0x0000000000000000     0xae2c
 .debug_info    0x0000000000000000      0xb91 ./Core/Src/ads1115.o
 .debug_info    0x0000000000000b91     0x1071 ./Core/Src/fsm.o
 .debug_info    0x0000000000001c02      0xe93 ./Core/Src/main.o
 .debug_info    0x0000000000002a95      0xb0f ./Core/Src/stm32f1xx_hal_msp.o
 .debug_info    0x00000000000035a4      0x113 ./Core/Src/stm32f1xx_it.o
 .debug_info    0x00000000000036b7      0x168 ./Core/Src/sysmem.o
 .debug_info    0x000000000000381f      0x222 ./Core/Src/system_stm32f1xx.o
 .debug_info    0x0000000000003a41       0x23 ./Core/Startup/startup_stm32f103c8tx.o
 .debug_info    0x0000000000003a64      0x704 ./Drivers/STM32F1xx_HAL_Driver/Src/stm32f1xx_hal.o
 .debug_info    0x0000000000004168      0xa87 ./Drivers/STM32F1xx_HAL_Driver/Src/stm32f1xx_hal_cortex.o
 .debug_info    0x0000000000004bef      0x5ab ./Drivers/STM32F1xx_HAL_Driver/Src/stm32f1xx_hal_gpio.o
 .debug_info    0x000000000000519a     0x2515 ./Drivers/STM32F1xx_HAL_Driver/Src/stm32f1xx_hal_i2c.o
 .debug_info    0x00000000000076af      0x7d5 ./Drivers/STM32F1xx_HAL_Driver/Src/stm32f1xx_hal_rcc.o
 .debug_info    0x0000000000007e84     0x2fa8 ./Drivers/STM32F1xx_HAL_Driver/Src/stm32f1xx_hal_uart.o

.debug_abbrev   0x0000000000000000     0x1a52
 .debug_abbrev  0x0000000000000000      0x214 ./Core/Src/ads1115.o
 .debug_abbrev  0x0000000000000214      0x29c ./Core/Src/fsm.o
 .debug_abbrev  0x00000000000004b0      0x266 ./Core/Src/main.o
 .debug_abbrev  0x0000000000000716      0x1ab ./Core/Src/stm32f1xx_hal_msp.o
 .debug_abbrev  0x00000000000008c1       0x73 ./Core/Src/stm32f1xx_it.o
 .debug_abbrev  0x0000000000000934       0xbc ./Core/Src/sysmem.o
 .debug_abbrev  0x00000000000009f0      0x13f ./Core/Src/system_stm32f1xx.o
 .debug_abbrev  0x0000000000000b2f       0x12 ./Core/Startup/startup_stm32f103c8tx.o
 .debug_abbrev  0x0000000000000b41      0x201 ./Drivers/STM32F1xx_HAL_Driver/Src/stm32f1xx_hal.o
 .debug_abbrev  0x0000000000000d42      0x2f8 ./Drivers/STM32F1xx_HAL_Driver/Src/stm32f1xx_hal_cortex.o
 .debug_abbrev  0x000000000000103a      0x1ca ./Drivers/STM32F1xx_HAL_Driver/Src/stm32f1xx_hal_gpio.o
 .debug_abbrev  0x0000000000001204      0x2a3 ./Drivers/STM32F1xx_HAL_Driver/Src/stm32f1xx_hal_i2c.o
 .debug_abbrev  0x00000000000014a7      0x2b3 ./Drivers/STM32F1xx_HAL_Driver/Src/stm32f1xx_hal_rcc.o
 .debug_abbrev  0x000000000000175a      0x2f8 ./Drivers/STM32F1xx_HAL_Driver/Src/stm32f1xx_hal_uart.o

.debug_aranges  0x0000000000000000      0x9e8
 .debug_aranges
                0x0000000000000000       0x80 ./Core/Src/ads1115.o
 .debug_aranges
                0x0000000000000080       0x98 ./Core/Src/fsm.o
 .debug_aranges
                0x0000000000000118       0x48 ./Core/Src/main.o
 .debug_aranges
                0x0000000000000160       0x40 ./Core/Src/stm32f1xx_hal_msp.o
 .debug_aranges
                0x00000000000001a0       0x60 ./Core/Src/stm32f1xx_it.o
 .debug_aranges
                0x0000000000000200       0x20 ./Core/Src/sysmem.o
 .debug_aranges
                0x0000000000000220       0x28 ./Core/Src/system_stm32f1xx.o
 .debug_aranges
                0x0000000000000248       0x28 ./Core/Startup/startup_stm32f103c8tx.o
 .debug_aranges
                0x0000000000000270       0xe0 ./Drivers/STM32F1xx_HAL_Driver/Src/stm32f1xx_hal.o
 .debug_aranges
                0x0000000000000350      0x100 ./Drivers/STM32F1xx_HAL_Driver/Src/stm32f1xx_hal_cortex.o
 .debug_aranges
                0x0000000000000450       0x58 ./Drivers/STM32F1xx_HAL_Driver/Src/stm32f1xx_hal_gpio.o
 .debug_aranges
                0x00000000000004a8      0x2a8 ./Drivers/STM32F1xx_HAL_Driver/Src/stm32f1xx_hal_i2c.o
 .debug_aranges
                0x0000000000000750       0x90 ./Drivers/STM32F1xx_HAL_Driver/Src/stm32f1xx_hal_rcc.o
 .debug_aranges
                0x00000000000007e0      0x208 ./Drivers/STM32F1xx_HAL_Driver/Src/stm32f1xx_hal_uart.o

.debug_rnglists
                0x0000000000000000      0x7b9
 .debug_rnglists
                0x0000000000000000       0x5d ./Core/Src/ads1115.o
 .debug_rnglists
                0x000000000000005d       0x74 ./Core/Src/fsm.o
 .debug_rnglists
                0x00000000000000d1       0x32 ./Core/Src/main.o
 .debug_rnglists
                0x0000000000000103       0x2c ./Core/Src/stm32f1xx_hal_msp.o
 .debug_rnglists
                0x000000000000012f       0x43 ./Core/Src/stm32f1xx_it.o
 .debug_rnglists
                0x0000000000000172       0x13 ./Core/Src/sysmem.o
 .debug_rnglists
                0x0000000000000185       0x1a ./Core/Src/system_stm32f1xx.o
 .debug_rnglists
                0x000000000000019f       0x19 ./Core/Startup/startup_stm32f103c8tx.o
 .debug_rnglists
                0x00000000000001b8       0xa3 ./Drivers/STM32F1xx_HAL_Driver/Src/stm32f1xx_hal.o
 .debug_rnglists
                0x000000000000025b       0xbb ./Drivers/STM32F1xx_HAL_Driver/Src/stm32f1xx_hal_cortex.o
 .debug_rnglists
                0x0000000000000316       0x3f ./Drivers/STM32F1xx_HAL_Driver/Src/stm32f1xx_hal_gpio.o
 .debug_rnglists
                0x0000000000000355      0x23c ./Drivers/STM32F1xx_HAL_Driver/Src/stm32f1xx_hal_i2c.o
 .debug_rnglists
                0x0000000000000591       0x6c ./Drivers/STM32F1xx_HAL_Driver/Src/stm32f1xx_hal_rcc.o
 .debug_rnglists
                0x00000000000005fd      0x1bc ./Drivers/STM32F1xx_HAL_Driver/Src/stm32f1xx_hal_uart.o

.debug_macro    0x0000000000000000    0x1745f
 .debug_macro   0x0000000000000000      0x1b0 ./Core/Src/ads1115.o
 .debug_macro   0x00000000000001b0      0xa9c ./Core/Src/ads1115.o
 .debug_macro   0x0000000000000c4c      0x21b ./Core/Src/ads1115.o
 .debug_macro   0x0000000000000e67       0x2e ./Core/Src/ads1115.o
 .debug_macro   0x0000000000000e95       0x22 ./Core/Src/ads1115.o
 .debug_macro   0x0000000000000eb7       0x22 ./Core/Src/ads1115.o
 .debug_macro   0x0000000000000ed9       0x8e ./Core/Src/ads1115.o
 .debug_macro   0x0000000000000f67       0x51 ./Core/Src/ads1115.o
 .debug_macro   0x0000000000000fb8      0x103 ./Core/Src/ads1115.o
 .debug_macro   0x00000000000010bb       0x6a ./Core/Src/ads1115.o
 .debug_macro   0x0000000000001125      0x1df ./Core/Src/ads1115.o
 .debug_macro   0x0000000000001304       0x1c ./Core/Src/ads1115.o
 .debug_macro   0x0000000000001320       0x22 ./Core/Src/ads1115.o
 .debug_macro   0x0000000000001342       0xbd ./Core/Src/ads1115.o
 .debug_macro   0x00000000000013ff      0xd23 ./Core/Src/ads1115.o
 .debug_macro   0x0000000000002122     0xe09e ./Core/Src/ads1115.o
 .debug_macro   0x00000000000101c0       0x6d ./Core/Src/ads1115.o
 .debug_macro   0x000000000001022d     0x348d ./Core/Src/ads1115.o
 .debug_macro   0x00000000000136ba      0x174 ./Core/Src/ads1115.o
 .debug_macro   0x000000000001382e       0x5c ./Core/Src/ads1115.o
 .debug_macro   0x000000000001388a      0x5bc ./Core/Src/ads1115.o
 .debug_macro   0x0000000000013e46      0x289 ./Core/Src/ads1115.o
 .debug_macro   0x00000000000140cf      0x1cb ./Core/Src/ads1115.o
 .debug_macro   0x000000000001429a      0x114 ./Core/Src/ads1115.o
 .debug_macro   0x00000000000143ae      0x1b2 ./Core/Src/ads1115.o
 .debug_macro   0x0000000000014560       0x27 ./Core/Src/ads1115.o
 .debug_macro   0x0000000000014587      0x136 ./Core/Src/ads1115.o
 .debug_macro   0x00000000000146bd      0x1bc ./Core/Src/ads1115.o
 .debug_macro   0x0000000000014879       0x34 ./Core/Src/ads1115.o
 .debug_macro   0x00000000000148ad       0x3c ./Core/Src/ads1115.o
 .debug_macro   0x00000000000148e9       0x57 ./Core/Src/ads1115.o
 .debug_macro   0x0000000000014940       0x87 ./Core/Src/ads1115.o
 .debug_macro   0x00000000000149c7      0x240 ./Core/Src/ads1115.o
 .debug_macro   0x0000000000014c07      0x287 ./Core/Src/ads1115.o
 .debug_macro   0x0000000000014e8e      0x140 ./Core/Src/ads1115.o
 .debug_macro   0x0000000000014fce      0x28e ./Core/Src/ads1115.o
 .debug_macro   0x000000000001525c       0x83 ./Core/Src/ads1115.o
 .debug_macro   0x00000000000152df      0x2c2 ./Core/Src/fsm.o
 .debug_macro   0x00000000000155a1       0x61 ./Core/Src/fsm.o
 .debug_macro   0x0000000000015602       0x24 ./Core/Src/fsm.o
 .debug_macro   0x0000000000015626       0x43 ./Core/Src/fsm.o
 .debug_macro   0x0000000000015669       0x34 ./Core/Src/fsm.o
 .debug_macro   0x000000000001569d       0x16 ./Core/Src/fsm.o
 .debug_macro   0x00000000000156b3       0x35 ./Core/Src/fsm.o
 .debug_macro   0x00000000000156e8      0x369 ./Core/Src/fsm.o
 .debug_macro   0x0000000000015a51       0x10 ./Core/Src/fsm.o
 .debug_macro   0x0000000000015a61       0x16 ./Core/Src/fsm.o
 .debug_macro   0x0000000000015a77       0x43 ./Core/Src/fsm.o
 .debug_macro   0x0000000000015aba       0x34 ./Core/Src/fsm.o
 .debug_macro   0x0000000000015aee       0x10 ./Core/Src/fsm.o
 .debug_macro   0x0000000000015afe       0x58 ./Core/Src/fsm.o
 .debug_macro   0x0000000000015b56       0x8e ./Core/Src/fsm.o
 .debug_macro   0x0000000000015be4       0x1c ./Core/Src/fsm.o
 .debug_macro   0x0000000000015c00      0x177 ./Core/Src/fsm.o
 .debug_macro   0x0000000000015d77       0x16 ./Core/Src/fsm.o
 .debug_macro   0x0000000000015d8d       0x16 ./Core/Src/fsm.o
 .debug_macro   0x0000000000015da3      0x147 ./Core/Src/fsm.o
 .debug_macro   0x0000000000015eea       0x16 ./Core/Src/fsm.o
 .debug_macro   0x0000000000015f00       0x20 ./Core/Src/fsm.o
 .debug_macro   0x0000000000015f20      0x28e ./Core/Src/main.o
 .debug_macro   0x00000000000161ae       0x10 ./Core/Src/main.o
 .debug_macro   0x00000000000161be      0x1a2 ./Core/Src/stm32f1xx_hal_msp.o
 .debug_macro   0x0000000000016360      0x1ac ./Core/Src/stm32f1xx_it.o
 .debug_macro   0x000000000001650c       0xff ./Core/Src/sysmem.o
 .debug_macro   0x000000000001660b      0x23c ./Core/Src/sysmem.o
 .debug_macro   0x0000000000016847      0x198 ./Core/Src/system_stm32f1xx.o
 .debug_macro   0x00000000000169df      0x1bc ./Drivers/STM32F1xx_HAL_Driver/Src/stm32f1xx_hal.o
 .debug_macro   0x0000000000016b9b      0x198 ./Drivers/STM32F1xx_HAL_Driver/Src/stm32f1xx_hal_cortex.o
 .debug_macro   0x0000000000016d33      0x203 ./Drivers/STM32F1xx_HAL_Driver/Src/stm32f1xx_hal_gpio.o
 .debug_macro   0x0000000000016f36      0x1e6 ./Drivers/STM32F1xx_HAL_Driver/Src/stm32f1xx_hal_i2c.o
 .debug_macro   0x000000000001711c      0x1aa ./Drivers/STM32F1xx_HAL_Driver/Src/stm32f1xx_hal_rcc.o
 .debug_macro   0x00000000000172c6      0x199 ./Drivers/STM32F1xx_HAL_Driver/Src/stm32f1xx_hal_uart.o

.debug_line     0x0000000000000000     0xccdc
 .debug_line    0x0000000000000000      0x8de ./Core/Src/ads1115.o
 .debug_line    0x00000000000008de      0xd38 ./Core/Src/fsm.o
 .debug_line    0x0000000000001616      0x979 ./Core/Src/main.o
 .debug_line    0x0000000000001f8f      0x789 ./Core/Src/stm32f1xx_hal_msp.o
 .debug_line    0x0000000000002718      0x7ad ./Core/Src/stm32f1xx_it.o
 .debug_line    0x0000000000002ec5      0x583 ./Core/Src/sysmem.o
 .debug_line    0x0000000000003448      0x769 ./Core/Src/system_stm32f1xx.o
 .debug_line    0x0000000000003bb1       0x78 ./Core/Startup/startup_stm32f103c8tx.o
 .debug_line    0x0000000000003c29      0x996 ./Drivers/STM32F1xx_HAL_Driver/Src/stm32f1xx_hal.o
 .debug_line    0x00000000000045bf      0xb7e ./Drivers/STM32F1xx_HAL_Driver/Src/stm32f1xx_hal_cortex.o
 .debug_line    0x000000000000513d      0xa2f ./Drivers/STM32F1xx_HAL_Driver/Src/stm32f1xx_hal_gpio.o
 .debug_line    0x0000000000005b6c     0x3b0d ./Drivers/STM32F1xx_HAL_Driver/Src/stm32f1xx_hal_i2c.o
 .debug_line    0x0000000000009679      0xd9f ./Drivers/STM32F1xx_HAL_Driver/Src/stm32f1xx_hal_rcc.o
 .debug_line    0x000000000000a418     0x28c4 ./Drivers/STM32F1xx_HAL_Driver/Src/stm32f1xx_hal_uart.o

.debug_str      0x0000000000000000    0x84c6a
 .debug_str     0x0000000000000000    0x7e7fe ./Core/Src/ads1115.o
                                      0x7ebe8 (size before relaxing)
 .debug_str     0x000000000007e7fe     0x3b46 ./Core/Src/fsm.o
                                      0x82673 (size before relaxing)
 .debug_str     0x0000000000082344      0x2b8 ./Core/Src/main.o
                                      0x81cf2 (size before relaxing)
 .debug_str     0x00000000000825fc       0xb0 ./Core/Src/stm32f1xx_hal_msp.o
                                      0x7e878 (size before relaxing)
 .debug_str     0x00000000000826ac       0xc9 ./Core/Src/stm32f1xx_it.o
                                      0x7e170 (size before relaxing)
 .debug_str     0x0000000000082775      0x4dc ./Core/Src/sysmem.o
                                       0x5fdc (size before relaxing)
 .debug_str     0x0000000000082c51       0x7e ./Core/Src/system_stm32f1xx.o
                                      0x7e186 (size before relaxing)
 .debug_str     0x0000000000082ccf       0x34 ./Core/Startup/startup_stm32f103c8tx.o
                                         0x46 (size before relaxing)
 .debug_str     0x0000000000082d03      0x607 ./Drivers/STM32F1xx_HAL_Driver/Src/stm32f1xx_hal.o
                                      0x7e8b9 (size before relaxing)
 .debug_str     0x000000000008330a      0x2bb ./Drivers/STM32F1xx_HAL_Driver/Src/stm32f1xx_hal_cortex.o
                                      0x7e805 (size before relaxing)
 .debug_str     0x00000000000835c5      0x2e6 ./Drivers/STM32F1xx_HAL_Driver/Src/stm32f1xx_hal_gpio.o
                                      0x7e50c (size before relaxing)
 .debug_str     0x00000000000838ab      0xbb1 ./Drivers/STM32F1xx_HAL_Driver/Src/stm32f1xx_hal_i2c.o
                                      0x7f24d (size before relaxing)
 .debug_str     0x000000000008445c      0x209 ./Drivers/STM32F1xx_HAL_Driver/Src/stm32f1xx_hal_rcc.o
                                      0x7e5b5 (size before relaxing)
 .debug_str     0x0000000000084665      0x605 ./Drivers/STM32F1xx_HAL_Driver/Src/stm32f1xx_hal_uart.o
                                      0x7ec26 (size before relaxing)

.debug_frame    0x0000000000000000     0x2e40
 .debug_frame   0x0000000000000000      0x1e8 ./Core/Src/ads1115.o
 .debug_frame   0x00000000000001e8      0x25c ./Core/Src/fsm.o
 .debug_frame   0x0000000000000444       0xc8 ./Core/Src/main.o
 .debug_frame   0x000000000000050c       0xc8 ./Core/Src/stm32f1xx_hal_msp.o
 .debug_frame   0x00000000000005d4      0x104 ./Core/Src/stm32f1xx_it.o
 .debug_frame   0x00000000000006d8       0x34 ./Core/Src/sysmem.o
 .debug_frame   0x000000000000070c       0x58 ./Core/Src/system_stm32f1xx.o
 .debug_frame   0x0000000000000764      0x334 ./Drivers/STM32F1xx_HAL_Driver/Src/stm32f1xx_hal.o
 .debug_frame   0x0000000000000a98      0x428 ./Drivers/STM32F1xx_HAL_Driver/Src/stm32f1xx_hal_cortex.o
 .debug_frame   0x0000000000000ec0      0x14c ./Drivers/STM32F1xx_HAL_Driver/Src/stm32f1xx_hal_gpio.o
 .debug_frame   0x000000000000100c      0xc84 ./Drivers/STM32F1xx_HAL_Driver/Src/stm32f1xx_hal_i2c.o
 .debug_frame   0x0000000000001c90      0x218 ./Drivers/STM32F1xx_HAL_Driver/Src/stm32f1xx_hal_rcc.o
 .debug_frame   0x0000000000001ea8      0x944 ./Drivers/STM32F1xx_HAL_Driver/Src/stm32f1xx_hal_uart.o
 .debug_frame   0x00000000000027ec      0x144 C:/ST/STM32CubeIDE_1.14.1/STM32CubeIDE/plugins/com.st.stm32cube.ide.mcu.externaltools.gnu-tools-for-stm32.11.3.rel1.win32_1.1.100.202309141235/tools/bin/../lib/gcc/arm-none-eabi/11.3.1/../../../../arm-none-eabi/lib/thumb/v7-m/nofp\libc_nano.a(libc_a-findfp.o)
 .debug_frame   0x0000000000002930       0x6c C:/ST/STM32CubeIDE_1.14.1/STM32CubeIDE/plugins/com.st.stm32cube.ide.mcu.externaltools.gnu-tools-for-stm32.11.3.rel1.win32_1.1.100.202309141235/tools/bin/../lib/gcc/arm-none-eabi/11.3.1/../../../../arm-none-eabi/lib/thumb/v7-m/nofp\libc_nano.a(libc_a-sprintf.o)
 .debug_frame   0x000000000000299c       0x20 C:/ST/STM32CubeIDE_1.14.1/STM32CubeIDE/plugins/com.st.stm32cube.ide.mcu.externaltools.gnu-tools-for-stm32.11.3.rel1.win32_1.1.100.202309141235/tools/bin/../lib/gcc/arm-none-eabi/11.3.1/../../../../arm-none-eabi/lib/thumb/v7-m/nofp\libc_nano.a(libc_a-memset.o)
 .debug_frame   0x00000000000029bc       0x38 C:/ST/STM32CubeIDE_1.14.1/STM32CubeIDE/plugins/com.st.stm32cube.ide.mcu.externaltools.gnu-tools-for-stm32.11.3.rel1.win32_1.1.100.202309141235/tools/bin/../lib/gcc/arm-none-eabi/11.3.1/../../../../arm-none-eabi/lib/thumb/v7-m/nofp\libc_nano.a(libc_a-reent.o)
 .debug_frame   0x00000000000029f4       0x20 C:/ST/STM32CubeIDE_1.14.1/STM32CubeIDE/plugins/com.st.stm32cube.ide.mcu.externaltools.gnu-tools-for-stm32.11.3.rel1.win32_1.1.100.202309141235/tools/bin/../lib/gcc/arm-none-eabi/11.3.1/../../../../arm-none-eabi/lib/thumb/v7-m/nofp\libc_nano.a(libc_a-errno.o)
 .debug_frame   0x0000000000002a14       0x2c C:/ST/STM32CubeIDE_1.14.1/STM32CubeIDE/plugins/com.st.stm32cube.ide.mcu.externaltools.gnu-tools-for-stm32.11.3.rel1.win32_1.1.100.202309141235/tools/bin/../lib/gcc/arm-none-eabi/11.3.1/../../../../arm-none-eabi/lib/thumb/v7-m/nofp\libc_nano.a(libc_a-init.o)
 .debug_frame   0x0000000000002a40       0xb0 C:/ST/STM32CubeIDE_1.14.1/STM32CubeIDE/plugins/com.st.stm32cube.ide.mcu.externaltools.gnu-tools-for-stm32.11.3.rel1.win32_1.1.100.202309141235/tools/bin/../lib/gcc/arm-none-eabi/11.3.1/../../../../arm-none-eabi/lib/thumb/v7-m/nofp\libc_nano.a(libc_a-lock.o)
 .debug_frame   0x0000000000002af0       0x38 C:/ST/STM32CubeIDE_1.14.1/STM32CubeIDE/plugins/com.st.stm32cube.ide.mcu.externaltools.gnu-tools-for-stm32.11.3.rel1.win32_1.1.100.202309141235/tools/bin/../lib/gcc/arm-none-eabi/11.3.1/../../../../arm-none-eabi/lib/thumb/v7-m/nofp\libc_nano.a(libc_a-freer.o)
 .debug_frame   0x0000000000002b28       0x50 C:/ST/STM32CubeIDE_1.14.1/STM32CubeIDE/plugins/com.st.stm32cube.ide.mcu.externaltools.gnu-tools-for-stm32.11.3.rel1.win32_1.1.100.202309141235/tools/bin/../lib/gcc/arm-none-eabi/11.3.1/../../../../arm-none-eabi/lib/thumb/v7-m/nofp\libc_nano.a(libc_a-mallocr.o)
 .debug_frame   0x0000000000002b78       0x30 C:/ST/STM32CubeIDE_1.14.1/STM32CubeIDE/plugins/com.st.stm32cube.ide.mcu.externaltools.gnu-tools-for-stm32.11.3.rel1.win32_1.1.100.202309141235/tools/bin/../lib/gcc/arm-none-eabi/11.3.1/../../../../arm-none-eabi/lib/thumb/v7-m/nofp\libc_nano.a(libc_a-mlock.o)
 .debug_frame   0x0000000000002ba8       0x90 C:/ST/STM32CubeIDE_1.14.1/STM32CubeIDE/plugins/com.st.stm32cube.ide.mcu.externaltools.gnu-tools-for-stm32.11.3.rel1.win32_1.1.100.202309141235/tools/bin/../lib/gcc/arm-none-eabi/11.3.1/../../../../arm-none-eabi/lib/thumb/v7-m/nofp\libc_nano.a(libc_a-nano-svfprintf.o)
 .debug_frame   0x0000000000002c38       0x60 C:/ST/STM32CubeIDE_1.14.1/STM32CubeIDE/plugins/com.st.stm32cube.ide.mcu.externaltools.gnu-tools-for-stm32.11.3.rel1.win32_1.1.100.202309141235/tools/bin/../lib/gcc/arm-none-eabi/11.3.1/../../../../arm-none-eabi/lib/thumb/v7-m/nofp\libc_nano.a(libc_a-nano-vfprintf_i.o)
 .debug_frame   0x0000000000002c98       0x28 C:/ST/STM32CubeIDE_1.14.1/STM32CubeIDE/plugins/com.st.stm32cube.ide.mcu.externaltools.gnu-tools-for-stm32.11.3.rel1.win32_1.1.100.202309141235/tools/bin/../lib/gcc/arm-none-eabi/11.3.1/../../../../arm-none-eabi/lib/thumb/v7-m/nofp\libc_nano.a(libc_a-memmove.o)
 .debug_frame   0x0000000000002cc0       0x2c C:/ST/STM32CubeIDE_1.14.1/STM32CubeIDE/plugins/com.st.stm32cube.ide.mcu.externaltools.gnu-tools-for-stm32.11.3.rel1.win32_1.1.100.202309141235/tools/bin/../lib/gcc/arm-none-eabi/11.3.1/../../../../arm-none-eabi/lib/thumb/v7-m/nofp\libc_nano.a(libc_a-sbrkr.o)
 .debug_frame   0x0000000000002cec       0x28 C:/ST/STM32CubeIDE_1.14.1/STM32CubeIDE/plugins/com.st.stm32cube.ide.mcu.externaltools.gnu-tools-for-stm32.11.3.rel1.win32_1.1.100.202309141235/tools/bin/../lib/gcc/arm-none-eabi/11.3.1/../../../../arm-none-eabi/lib/thumb/v7-m/nofp\libc_nano.a(libc_a-memchr-stub.o)
 .debug_frame   0x0000000000002d14       0x28 C:/ST/STM32CubeIDE_1.14.1/STM32CubeIDE/plugins/com.st.stm32cube.ide.mcu.externaltools.gnu-tools-for-stm32.11.3.rel1.win32_1.1.100.202309141235/tools/bin/../lib/gcc/arm-none-eabi/11.3.1/../../../../arm-none-eabi/lib/thumb/v7-m/nofp\libc_nano.a(libc_a-memcpy-stub.o)
 .debug_frame   0x0000000000002d3c       0x3c C:/ST/STM32CubeIDE_1.14.1/STM32CubeIDE/plugins/com.st.stm32cube.ide.mcu.externaltools.gnu-tools-for-stm32.11.3.rel1.win32_1.1.100.202309141235/tools/bin/../lib/gcc/arm-none-eabi/11.3.1/../../../../arm-none-eabi/lib/thumb/v7-m/nofp\libc_nano.a(libc_a-reallocr.o)
 .debug_frame   0x0000000000002d78       0x20 C:/ST/STM32CubeIDE_1.14.1/STM32CubeIDE/plugins/com.st.stm32cube.ide.mcu.externaltools.gnu-tools-for-stm32.11.3.rel1.win32_1.1.100.202309141235/tools/bin/../lib/gcc/arm-none-eabi/11.3.1/../../../../arm-none-eabi/lib/thumb/v7-m/nofp\libc_nano.a(libc_a-msizer.o)
 .debug_frame   0x0000000000002d98       0x4c C:/ST/STM32CubeIDE_1.14.1/STM32CubeIDE/plugins/com.st.stm32cube.ide.mcu.externaltools.gnu-tools-for-stm32.11.3.rel1.win32_1.1.100.202309141235/tools/bin/../lib/gcc/arm-none-eabi/11.3.1/thumb/v7-m/nofp\libgcc.a(_arm_addsubsf3.o)
 .debug_frame   0x0000000000002de4       0x38 C:/ST/STM32CubeIDE_1.14.1/STM32CubeIDE/plugins/com.st.stm32cube.ide.mcu.externaltools.gnu-tools-for-stm32.11.3.rel1.win32_1.1.100.202309141235/tools/bin/../lib/gcc/arm-none-eabi/11.3.1/thumb/v7-m/nofp\libgcc.a(_arm_muldivsf3.o)
 .debug_frame   0x0000000000002e1c       0x24 C:/ST/STM32CubeIDE_1.14.1/STM32CubeIDE/plugins/com.st.stm32cube.ide.mcu.externaltools.gnu-tools-for-stm32.11.3.rel1.win32_1.1.100.202309141235/tools/bin/../lib/gcc/arm-none-eabi/11.3.1/thumb/v7-m/nofp\libgcc.a(_arm_fixsfsi.o)

.debug_line_str
                0x0000000000000000       0x3a
 .debug_line_str
                0x0000000000000000       0x3a ./Core/Startup/startup_stm32f103c8tx.o
                                         0x52 (size before relaxing)
